[    0.000000] microcode: microcode updated early to revision 0xb00003e, date = 2021-02-06
[    0.000000] Linux version 5.8.0-55-generic (buildd@lgw01-amd64-050) (gcc (Ubuntu 9.3.0-17ubuntu1~20.04) 9.3.0, GNU ld (GNU Binutils for Ubuntu) 2.34) #62~20.04.1-Ubuntu SMP Wed Jun 2 08:55:04 UTC 2021 (Ubuntu 5.8.0-55.62~20.04.1-generic 5.8.18)
[    0.000000] Command line: BOOT_IMAGE=/boot/vmlinuz-5.8.0-55-generic root=UUID=a148c4fc-ebf1-4b35-a36b-e02fc2fabbea ro quiet splash vt.handoff=7
[    0.000000] KERNEL supported cpus:
[    0.000000]   Intel GenuineIntel
[    0.000000]   AMD AuthenticAMD
[    0.000000]   Hygon HygonGenuine
[    0.000000]   Centaur CentaurHauls
[    0.000000]   zhaoxin   Shanghai  
[    0.000000] x86/fpu: Supporting XSAVE feature 0x001: 'x87 floating point registers'
[    0.000000] x86/fpu: Supporting XSAVE feature 0x002: 'SSE registers'
[    0.000000] x86/fpu: Supporting XSAVE feature 0x004: 'AVX registers'
[    0.000000] x86/fpu: xstate_offset[2]:  576, xstate_sizes[2]:  256
[    0.000000] x86/fpu: Enabled xstate features 0x7, context size is 832 bytes, using 'standard' format.
[    0.000000] BIOS-provided physical RAM map:
[    0.000000] BIOS-e820: [mem 0x0000000000000000-0x000000000009e7ff] usable
[    0.000000] BIOS-e820: [mem 0x000000000009e800-0x000000000009ffff] reserved
[    0.000000] BIOS-e820: [mem 0x00000000000e0000-0x00000000000fffff] reserved
[    0.000000] BIOS-e820: [mem 0x0000000000100000-0x000000005a4f0fff] usable
[    0.000000] BIOS-e820: [mem 0x000000005a4f1000-0x000000005b254fff] reserved
[    0.000000] BIOS-e820: [mem 0x000000005b255000-0x000000005b2b5fff] ACPI data
[    0.000000] BIOS-e820: [mem 0x000000005b2b6000-0x000000005d4b6fff] ACPI NVS
[    0.000000] BIOS-e820: [mem 0x000000005d4b7000-0x000000005dd01fff] reserved
[    0.000000] BIOS-e820: [mem 0x000000005dd02000-0x000000005dd02fff] usable
[    0.000000] BIOS-e820: [mem 0x000000005dd03000-0x000000005dd88fff] reserved
[    0.000000] BIOS-e820: [mem 0x000000005dd89000-0x000000005dffffff] usable
[    0.000000] BIOS-e820: [mem 0x000000005e000000-0x000000005effffff] reserved
[    0.000000] BIOS-e820: [mem 0x00000000e0000000-0x00000000efffffff] reserved
[    0.000000] BIOS-e820: [mem 0x00000000fed1c000-0x00000000fed44fff] reserved
[    0.000000] BIOS-e820: [mem 0x00000000ff000000-0x00000000ffffffff] reserved
[    0.000000] BIOS-e820: [mem 0x0000000100000000-0x000000209fffffff] usable
[    0.000000] NX (Execute Disable) protection: active
[    0.000000] SMBIOS 3.0 present.
[    0.000000] DMI: ASUS All Series/X99-E WS/USB 3.1, BIOS 3803 06/26/2018
[    0.000000] tsc: Fast TSC calibration using PIT
[    0.000000] tsc: Detected 3597.946 MHz processor
[    0.000000] [Firmware Bug]: TSC ADJUST: CPU0: -21201189024 force to 0
[    0.000497] e820: update [mem 0x00000000-0x00000fff] usable ==> reserved
[    0.000498] e820: remove [mem 0x000a0000-0x000fffff] usable
[    0.000502] last_pfn = 0x20a0000 max_arch_pfn = 0x400000000
[    0.000505] MTRR default type: write-back
[    0.000505] MTRR fixed ranges enabled:
[    0.000506]   00000-9FFFF write-back
[    0.000507]   A0000-BFFFF uncachable
[    0.000507]   C0000-FFFFF write-protect
[    0.000508] MTRR variable ranges enabled:
[    0.000509]   0 base 000080000000 mask 3FFF80000000 uncachable
[    0.000509]   1 base 000060000000 mask 3FFFE0000000 uncachable
[    0.000510]   2 base 380000000000 mask 3FC000000000 uncachable
[    0.000511]   3 base 00005F000000 mask 3FFFFF000000 uncachable
[    0.000511]   4 base 000060000000 mask 3FFFE0000000 write-through
[    0.000512]   5 base 000080000000 mask 3FFFC0000000 write-through
[    0.000512]   6 base 0000C0000000 mask 3FFFF0000000 write-through
[    0.000513]   7 base 0000D0000000 mask 3FFFFE000000 write-through
[    0.000513]   8 disabled
[    0.000513]   9 disabled
[    0.000940] x86/PAT: Configuration [0-7]: WB  WC  UC- UC  WB  WP  UC- WT  
[    0.001102] last_pfn = 0x5e000 max_arch_pfn = 0x400000000
[    0.006431] found SMP MP-table at [mem 0x000fdab0-0x000fdabf]
[    0.006472] ACPI: Early table checksum verification disabled
[    0.006475] ACPI: RSDP 0x00000000000F0540 000024 (v02 ALASKA)
[    0.006477] ACPI: XSDT 0x000000005B268090 000094 (v01 ALASKA A M I    01072009 AMI  00010013)
[    0.006481] ACPI: FACP 0x000000005B29E4E8 00010C (v05 ALASKA A M I    01072009 AMI  00010013)
[    0.006485] ACPI: DSDT 0x000000005B2681B8 036329 (v02 ALASKA A M I    01072009 INTL 20091013)
[    0.006487] ACPI: FACS 0x000000005D4B5F80 000040
[    0.006489] ACPI: APIC 0x000000005B29E5F8 000100 (v03 ALASKA A M I    01072009 AMI  00010013)
[    0.006490] ACPI: FPDT 0x000000005B29E6F8 000044 (v01 ALASKA A M I    01072009 AMI  00010013)
[    0.006492] ACPI: FIDT 0x000000005B29E740 00009C (v01 ALASKA A M I    01072009 AMI  00010013)
[    0.006494] ACPI: MCFG 0x000000005B29E7E0 00003C (v01 ALASKA A M I    01072009 MSFT 00000097)
[    0.006495] ACPI: ASF! 0x000000005B2B50C0 0000A0 (v32 INTEL   HCG     00000001 TFSM 000F4240)
[    0.006497] ACPI: SSDT 0x000000005B29E878 00036D (v01 SataRe SataTabl 00001000 INTL 20120913)
[    0.006499] ACPI: UEFI 0x000000005B29EBE8 000042 (v01 ALASKA A M I    01072009      00000000)
[    0.006501] ACPI: HPET 0x000000005B29EC30 000038 (v01 ALASKA A M I    00000001 INTL 20091013)
[    0.006502] ACPI: MSCT 0x000000005B29EC68 000090 (v01 ALASKA A M I    00000001 INTL 20091013)
[    0.006504] ACPI: SLIT 0x000000005B29ECF8 00002D (v01 ALASKA A M I    00000001 INTL 20091013)
[    0.006506] ACPI: SRAT 0x000000005B29ED28 001158 (v03 ALASKA A M I    00000001 INTL 20091013)
[    0.006507] ACPI: WDDT 0x000000005B29FE80 000040 (v01 ALASKA A M I    00000000 INTL 20091013)
[    0.006509] ACPI: SSDT 0x000000005B29FEC0 0151FF (v02 ALASKA PmMgt    00000001 INTL 20120913)
[    0.006511] ACPI: Reserving FACP table memory at [mem 0x5b29e4e8-0x5b29e5f3]
[    0.006511] ACPI: Reserving DSDT table memory at [mem 0x5b2681b8-0x5b29e4e0]
[    0.006512] ACPI: Reserving FACS table memory at [mem 0x5d4b5f80-0x5d4b5fbf]
[    0.006512] ACPI: Reserving APIC table memory at [mem 0x5b29e5f8-0x5b29e6f7]
[    0.006513] ACPI: Reserving FPDT table memory at [mem 0x5b29e6f8-0x5b29e73b]
[    0.006513] ACPI: Reserving FIDT table memory at [mem 0x5b29e740-0x5b29e7db]
[    0.006514] ACPI: Reserving MCFG table memory at [mem 0x5b29e7e0-0x5b29e81b]
[    0.006514] ACPI: Reserving ASF! table memory at [mem 0x5b2b50c0-0x5b2b515f]
[    0.006514] ACPI: Reserving SSDT table memory at [mem 0x5b29e878-0x5b29ebe4]
[    0.006515] ACPI: Reserving UEFI table memory at [mem 0x5b29ebe8-0x5b29ec29]
[    0.006515] ACPI: Reserving HPET table memory at [mem 0x5b29ec30-0x5b29ec67]
[    0.006516] ACPI: Reserving MSCT table memory at [mem 0x5b29ec68-0x5b29ecf7]
[    0.006516] ACPI: Reserving SLIT table memory at [mem 0x5b29ecf8-0x5b29ed24]
[    0.006517] ACPI: Reserving SRAT table memory at [mem 0x5b29ed28-0x5b29fe7f]
[    0.006517] ACPI: Reserving WDDT table memory at [mem 0x5b29fe80-0x5b29febf]
[    0.006518] ACPI: Reserving SSDT table memory at [mem 0x5b29fec0-0x5b2b50be]
[    0.006524] check: Scanning 1 areas for low memory corruption
[    0.006527] Using GB pages for direct mapping
[    0.006765] RAMDISK: [mem 0x318d1000-0x34c5ffff]
[    0.006775] ACPI: Local APIC address 0xfee00000
[    0.006794] SRAT: PXM 0 -> APIC 0x00 -> Node 0
[    0.006795] SRAT: PXM 0 -> APIC 0x02 -> Node 0
[    0.006795] SRAT: PXM 0 -> APIC 0x04 -> Node 0
[    0.006795] SRAT: PXM 0 -> APIC 0x06 -> Node 0
[    0.006796] SRAT: PXM 0 -> APIC 0x08 -> Node 0
[    0.006796] SRAT: PXM 0 -> APIC 0x0a -> Node 0
[    0.006796] SRAT: PXM 0 -> APIC 0x01 -> Node 0
[    0.006797] SRAT: PXM 0 -> APIC 0x03 -> Node 0
[    0.006797] SRAT: PXM 0 -> APIC 0x05 -> Node 0
[    0.006797] SRAT: PXM 0 -> APIC 0x07 -> Node 0
[    0.006798] SRAT: PXM 0 -> APIC 0x09 -> Node 0
[    0.006798] SRAT: PXM 0 -> APIC 0x0b -> Node 0
[    0.006804] ACPI: SRAT: Node 0 PXM 0 [mem 0x00000000-0x5fffffff]
[    0.006804] ACPI: SRAT: Node 0 PXM 0 [mem 0x100000000-0x209fffffff]
[    0.006808] NUMA: Initialized distance table, cnt=1
[    0.006810] NUMA: Node 0 [mem 0x00000000-0x5fffffff] + [mem 0x100000000-0x209fffffff] -> [mem 0x00000000-0x209fffffff]
[    0.006816] NODE_DATA(0) allocated [mem 0x209ffd5000-0x209fffefff]
[    0.007087] Zone ranges:
[    0.007087]   DMA      [mem 0x0000000000001000-0x0000000000ffffff]
[    0.007088]   DMA32    [mem 0x0000000001000000-0x00000000ffffffff]
[    0.007089]   Normal   [mem 0x0000000100000000-0x000000209fffffff]
[    0.007089]   Device   empty
[    0.007090] Movable zone start for each node
[    0.007092] Early memory node ranges
[    0.007093]   node   0: [mem 0x0000000000001000-0x000000000009dfff]
[    0.007093]   node   0: [mem 0x0000000000100000-0x000000005a4f0fff]
[    0.007094]   node   0: [mem 0x000000005dd02000-0x000000005dd02fff]
[    0.007094]   node   0: [mem 0x000000005dd89000-0x000000005dffffff]
[    0.007095]   node   0: [mem 0x0000000100000000-0x000000209fffffff]
[    0.007101] Initmem setup node 0 [mem 0x0000000000001000-0x000000209fffffff]
[    0.007102] On node 0 totalpages: 33531654
[    0.007103]   DMA zone: 64 pages used for memmap
[    0.007103]   DMA zone: 21 pages reserved
[    0.007104]   DMA zone: 3997 pages, LIFO batch:0
[    0.007322]   DMA zone: 28771 pages in unavailable ranges
[    0.007323]   DMA32 zone: 5726 pages used for memmap
[    0.007323]   DMA32 zone: 366441 pages, LIFO batch:63
[    0.009715]   DMA32 zone: 22679 pages in unavailable ranges
[    0.009716]   Normal zone: 518144 pages used for memmap
[    0.009717]   Normal zone: 33161216 pages, LIFO batch:63
[    0.224551] ACPI: PM-Timer IO Port: 0x408
[    0.224553] ACPI: Local APIC address 0xfee00000
[    0.224558] ACPI: LAPIC_NMI (acpi_id[0x00] high edge lint[0x1])
[    0.224559] ACPI: LAPIC_NMI (acpi_id[0x02] high edge lint[0x1])
[    0.224559] ACPI: LAPIC_NMI (acpi_id[0x04] high edge lint[0x1])
[    0.224560] ACPI: LAPIC_NMI (acpi_id[0x06] high edge lint[0x1])
[    0.224560] ACPI: LAPIC_NMI (acpi_id[0x08] high edge lint[0x1])
[    0.224560] ACPI: LAPIC_NMI (acpi_id[0x0a] high edge lint[0x1])
[    0.224561] ACPI: LAPIC_NMI (acpi_id[0x01] high edge lint[0x1])
[    0.224561] ACPI: LAPIC_NMI (acpi_id[0x03] high edge lint[0x1])
[    0.224561] ACPI: LAPIC_NMI (acpi_id[0x05] high edge lint[0x1])
[    0.224562] ACPI: LAPIC_NMI (acpi_id[0x07] high edge lint[0x1])
[    0.224562] ACPI: LAPIC_NMI (acpi_id[0x09] high edge lint[0x1])
[    0.224562] ACPI: LAPIC_NMI (acpi_id[0x0b] high edge lint[0x1])
[    0.224572] IOAPIC[0]: apic_id 1, version 32, address 0xfec00000, GSI 0-23
[    0.224575] IOAPIC[1]: apic_id 2, version 32, address 0xfec01000, GSI 24-47
[    0.224576] ACPI: INT_SRC_OVR (bus 0 bus_irq 0 global_irq 2 dfl dfl)
[    0.224577] ACPI: INT_SRC_OVR (bus 0 bus_irq 9 global_irq 9 high level)
[    0.224578] ACPI: IRQ0 used by override.
[    0.224579] ACPI: IRQ9 used by override.
[    0.224580] Using ACPI (MADT) for SMP configuration information
[    0.224581] ACPI: HPET id: 0x8086a701 base: 0xfed00000
[    0.224584] TSC deadline timer available
[    0.224584] smpboot: Allowing 12 CPUs, 0 hotplug CPUs
[    0.224597] PM: hibernation: Registered nosave memory: [mem 0x00000000-0x00000fff]
[    0.224598] PM: hibernation: Registered nosave memory: [mem 0x0009e000-0x0009efff]
[    0.224598] PM: hibernation: Registered nosave memory: [mem 0x0009f000-0x0009ffff]
[    0.224598] PM: hibernation: Registered nosave memory: [mem 0x000a0000-0x000dffff]
[    0.224599] PM: hibernation: Registered nosave memory: [mem 0x000e0000-0x000fffff]
[    0.224600] PM: hibernation: Registered nosave memory: [mem 0x5a4f1000-0x5b254fff]
[    0.224600] PM: hibernation: Registered nosave memory: [mem 0x5b255000-0x5b2b5fff]
[    0.224600] PM: hibernation: Registered nosave memory: [mem 0x5b2b6000-0x5d4b6fff]
[    0.224601] PM: hibernation: Registered nosave memory: [mem 0x5d4b7000-0x5dd01fff]
[    0.224602] PM: hibernation: Registered nosave memory: [mem 0x5dd03000-0x5dd88fff]
[    0.224603] PM: hibernation: Registered nosave memory: [mem 0x5e000000-0x5effffff]
[    0.224603] PM: hibernation: Registered nosave memory: [mem 0x5f000000-0xdfffffff]
[    0.224603] PM: hibernation: Registered nosave memory: [mem 0xe0000000-0xefffffff]
[    0.224604] PM: hibernation: Registered nosave memory: [mem 0xf0000000-0xfed1bfff]
[    0.224604] PM: hibernation: Registered nosave memory: [mem 0xfed1c000-0xfed44fff]
[    0.224604] PM: hibernation: Registered nosave memory: [mem 0xfed45000-0xfeffffff]
[    0.224605] PM: hibernation: Registered nosave memory: [mem 0xff000000-0xffffffff]
[    0.224606] [mem 0x5f000000-0xdfffffff] available for PCI devices
[    0.224607] Booting paravirtualized kernel on bare hardware
[    0.224609] clocksource: refined-jiffies: mask: 0xffffffff max_cycles: 0xffffffff, max_idle_ns: 7645519600211568 ns
[    0.224614] setup_percpu: NR_CPUS:8192 nr_cpumask_bits:12 nr_cpu_ids:12 nr_node_ids:1
[    0.224955] percpu: Embedded 56 pages/cpu s192512 r8192 d28672 u262144
[    0.224960] pcpu-alloc: s192512 r8192 d28672 u262144 alloc=1*2097152
[    0.224960] pcpu-alloc: [0] 00 01 02 03 04 05 06 07 [0] 08 09 10 11 -- -- -- -- 
[    0.224981] Built 1 zonelists, mobility grouping on.  Total pages: 33007699
[    0.224982] Policy zone: Normal
[    0.224983] Kernel command line: BOOT_IMAGE=/boot/vmlinuz-5.8.0-55-generic root=UUID=a148c4fc-ebf1-4b35-a36b-e02fc2fabbea ro quiet splash vt.handoff=7
[    0.229352] Dentry cache hash table entries: 8388608 (order: 14, 67108864 bytes, linear)
[    0.231708] Inode-cache hash table entries: 4194304 (order: 13, 33554432 bytes, linear)
[    0.231787] mem auto-init: stack:off, heap alloc:on, heap free:off
[    0.530281] Memory: 131776564K/134126616K available (14339K kernel code, 2537K rwdata, 5456K rodata, 2648K init, 4912K bss, 2350052K reserved, 0K cma-reserved)
[    0.530286] random: get_random_u64 called from kmem_cache_open+0x2d/0x410 with crng_init=0
[    0.530388] SLUB: HWalign=64, Order=0-3, MinObjects=0, CPUs=12, Nodes=1
[    0.530398] Kernel/User page tables isolation: enabled
[    0.530414] ftrace: allocating 46483 entries in 182 pages
[    0.542825] ftrace: allocated 182 pages with 5 groups
[    0.542925] rcu: Hierarchical RCU implementation.
[    0.542925] rcu: 	RCU restricting CPUs from NR_CPUS=8192 to nr_cpu_ids=12.
[    0.542926] 	Trampoline variant of Tasks RCU enabled.
[    0.542926] 	Rude variant of Tasks RCU enabled.
[    0.542926] 	Tracing variant of Tasks RCU enabled.
[    0.542927] rcu: RCU calculated value of scheduler-enlistment delay is 25 jiffies.
[    0.542927] rcu: Adjusting geometry for rcu_fanout_leaf=16, nr_cpu_ids=12
[    0.545159] NR_IRQS: 524544, nr_irqs: 928, preallocated irqs: 16
[    0.545373] random: crng done (trusting CPU's manufacturer)
[    0.545387] vt handoff: transparent VT on vt#7
[    0.545391] Console: colour dummy device 80x25
[    0.545396] printk: console [tty0] enabled
[    0.545410] ACPI: Core revision 20200528
[    0.545599] clocksource: hpet: mask: 0xffffffff max_cycles: 0xffffffff, max_idle_ns: 133484882848 ns
[    0.545608] APIC: Switch to symmetric I/O mode setup
[    0.545695] x2apic: IRQ remapping doesn't support X2APIC mode
[    0.545739] Switched APIC routing to physical flat.
[    0.546194] ..TIMER: vector=0x30 apic1=0 pin1=2 apic2=-1 pin2=-1
[    0.565609] clocksource: tsc-early: mask: 0xffffffffffffffff max_cycles: 0x33dcbf6748b, max_idle_ns: 440795351400 ns
[    0.565612] Calibrating delay loop (skipped), value calculated using timer frequency.. 7195.89 BogoMIPS (lpj=14391784)
[    0.565613] pid_max: default: 32768 minimum: 301
[    0.565636] LSM: Security Framework initializing
[    0.565642] Yama: becoming mindful.
[    0.565660] AppArmor: AppArmor initialized
[    0.565895] Mount-cache hash table entries: 131072 (order: 8, 1048576 bytes, linear)
[    0.565998] Mountpoint-cache hash table entries: 131072 (order: 8, 1048576 bytes, linear)
[    0.566195] mce: CPU0: Thermal monitoring enabled (TM1)
[    0.566235] process: using mwait in idle threads
[    0.566237] Last level iTLB entries: 4KB 64, 2MB 8, 4MB 8
[    0.566237] Last level dTLB entries: 4KB 64, 2MB 0, 4MB 0, 1GB 4
[    0.566239] Spectre V1 : Mitigation: usercopy/swapgs barriers and __user pointer sanitization
[    0.566240] Spectre V2 : Mitigation: Full generic retpoline
[    0.566240] Spectre V2 : Spectre v2 / SpectreRSB mitigation: Filling RSB on context switch
[    0.566240] Spectre V2 : Enabling Restricted Speculation for firmware calls
[    0.566241] Spectre V2 : mitigation: Enabling conditional Indirect Branch Prediction Barrier
[    0.566241] Spectre V2 : User space: Mitigation: STIBP via seccomp and prctl
[    0.566242] Speculative Store Bypass: Mitigation: Speculative Store Bypass disabled via prctl and seccomp
[    0.566244] TAA: Mitigation: Clear CPU buffers
[    0.566245] MDS: Mitigation: Clear CPU buffers
[    0.566434] Freeing SMP alternatives memory: 40K
[    0.568093] smpboot: CPU0: Intel(R) Xeon(R) CPU E5-1650 v4 @ 3.60GHz (family: 0x6, model: 0x4f, stepping: 0x1)
[    0.568171] Performance Events: PEBS fmt2+, Broadwell events, 16-deep LBR, full-width counters, Intel PMU driver.
[    0.568175] ... version:                3
[    0.568175] ... bit width:              48
[    0.568176] ... generic registers:      4
[    0.568176] ... value mask:             0000ffffffffffff
[    0.568177] ... max period:             00007fffffffffff
[    0.568177] ... fixed-purpose events:   3
[    0.568177] ... event mask:             000000070000000f
[    0.568202] rcu: Hierarchical SRCU implementation.
[    0.569175] NMI watchdog: Enabled. Permanently consumes one hw-PMU counter.
[    0.569252] smp: Bringing up secondary CPUs ...
[    0.569326] x86: Booting SMP configuration:
[    0.569327] .... node  #0, CPUs:        #1
[    0.004264] [Firmware Bug]: TSC ADJUST differs within socket(s), fixing all errors
[    0.569675]   #2  #3  #4  #5  #6
[    0.578368] MDS CPU bug present and SMT on, data leak possible. See https://www.kernel.org/doc/html/latest/admin-guide/hw-vuln/mds.html for more details.
[    0.578368] TAA CPU bug present and SMT on, data leak possible. See https://www.kernel.org/doc/html/latest/admin-guide/hw-vuln/tsx_async_abort.html for more details.
[    0.578368]   #7  #8  #9 #10 #11
[    0.582270] smp: Brought up 1 node, 12 CPUs
[    0.582270] smpboot: Max logical packages: 1
[    0.582270] smpboot: Total of 12 processors activated (86350.70 BogoMIPS)
[    0.588788] devtmpfs: initialized
[    0.588788] x86/mm: Memory block size: 512MB
[    0.590401] PM: Registering ACPI NVS region [mem 0x5b2b6000-0x5d4b6fff] (35655680 bytes)
[    0.590401] clocksource: jiffies: mask: 0xffffffff max_cycles: 0xffffffff, max_idle_ns: 7645041785100000 ns
[    0.590401] futex hash table entries: 4096 (order: 6, 262144 bytes, linear)
[    0.590401] pinctrl core: initialized pinctrl subsystem
[    0.590401] PM: RTC time: 07:46:02, date: 2021-06-21
[    0.590401] thermal_sys: Registered thermal governor 'fair_share'
[    0.590401] thermal_sys: Registered thermal governor 'bang_bang'
[    0.590401] thermal_sys: Registered thermal governor 'step_wise'
[    0.590401] thermal_sys: Registered thermal governor 'user_space'
[    0.590401] thermal_sys: Registered thermal governor 'power_allocator'
[    0.590401] NET: Registered protocol family 16
[    0.590401] DMA: preallocated 4096 KiB GFP_KERNEL pool for atomic allocations
[    0.590438] DMA: preallocated 4096 KiB GFP_KERNEL|GFP_DMA pool for atomic allocations
[    0.590731] DMA: preallocated 4096 KiB GFP_KERNEL|GFP_DMA32 pool for atomic allocations
[    0.590737] audit: initializing netlink subsys (disabled)
[    0.590746] audit: type=2000 audit(1624261562.044:1): state=initialized audit_enabled=0 res=1
[    0.590746] EISA bus registered
[    0.590746] cpuidle: using governor ladder
[    0.590746] cpuidle: using governor menu
[    0.590746] ACPI FADT declares the system doesn't support PCIe ASPM, so disable it
[    0.590746] ACPI: bus type PCI registered
[    0.590746] acpiphp: ACPI Hot Plug PCI Controller Driver version: 0.5
[    0.590746] PCI: MMCONFIG for domain 0000 [bus 00-ff] at [mem 0xe0000000-0xefffffff] (base 0xe0000000)
[    0.590746] PCI: MMCONFIG at [mem 0xe0000000-0xefffffff] reserved in E820
[    0.590746] PCI: Using configuration type 1 for base access
[    0.590746] ENERGY_PERF_BIAS: Set to 'normal', was 'performance'
[    0.593789] HugeTLB registered 1.00 GiB page size, pre-allocated 0 pages
[    0.593789] HugeTLB registered 2.00 MiB page size, pre-allocated 0 pages
[    0.593789] ACPI: Added _OSI(Module Device)
[    0.593789] ACPI: Added _OSI(Processor Device)
[    0.593789] ACPI: Added _OSI(3.0 _SCP Extensions)
[    0.593789] ACPI: Added _OSI(Processor Aggregator Device)
[    0.593789] ACPI: Added _OSI(Linux-Dell-Video)
[    0.593789] ACPI: Added _OSI(Linux-Lenovo-NV-HDMI-Audio)
[    0.593789] ACPI: Added _OSI(Linux-HPI-Hybrid-Graphics)
[    0.640102] ACPI: 3 ACPI AML tables successfully acquired and loaded
[    0.643720] ACPI: [Firmware Bug]: BIOS _OSI(Linux) query ignored
[    0.673110] ACPI: EC: EC started
[    0.673111] ACPI: EC: interrupt blocked
[    0.673125] ACPI: EC: EC_CMD/EC_SC=0x66, EC_DATA=0x62
[    0.673126] ACPI: \_SB_.PCI0.LPC0.EC0_: Boot DSDT EC used to handle transactions
[    0.673126] ACPI: Interpreter enabled
[    0.673140] ACPI: (supports S0 S3 S4 S5)
[    0.673141] ACPI: Using IOAPIC for interrupt routing
[    0.673160] PCI: Using host bridge windows from ACPI; if necessary, use "pci=nocrs" and report a bug
[    0.673911] ACPI: Enabled 5 GPEs in block 00 to 3F
[    0.706697] ACPI: PCI Root Bridge [UNC0] (domain 0000 [bus ff])
[    0.706701] acpi PNP0A03:03: _OSC: OS supports [ExtendedConfig ASPM ClockPM Segments MSI HPX-Type3]
[    2.753763] acpi PNP0A03:03: _OSC: platform does not support [PCIeHotplug SHPCHotplug LTR]
[    4.801693] acpi PNP0A03:03: _OSC: OS now controls [PME AER PCIeCapability]
[    4.801694] acpi PNP0A03:03: FADT indicates ASPM is unsupported, using BIOS configuration
[    4.801733] PCI host bridge to bus 0000:ff
[    4.801734] pci_bus 0000:ff: root bus resource [bus ff]
[    4.801745] pci 0000:ff:0b.0: [8086:6f81] type 00 class 0x088000
[    4.801790] pci 0000:ff:0b.1: [8086:6f36] type 00 class 0x110100
[    4.801823] pci 0000:ff:0b.2: [8086:6f37] type 00 class 0x110100
[    4.801854] pci 0000:ff:0b.3: [8086:6f76] type 00 class 0x088000
[    4.801888] pci 0000:ff:0c.0: [8086:6fe0] type 00 class 0x088000
[    4.801919] pci 0000:ff:0c.1: [8086:6fe1] type 00 class 0x088000
[    4.801949] pci 0000:ff:0c.2: [8086:6fe2] type 00 class 0x088000
[    4.801986] pci 0000:ff:0c.3: [8086:6fe3] type 00 class 0x088000
[    4.802017] pci 0000:ff:0c.4: [8086:6fe4] type 00 class 0x088000
[    4.802047] pci 0000:ff:0c.5: [8086:6fe5] type 00 class 0x088000
[    4.802081] pci 0000:ff:0f.0: [8086:6ff8] type 00 class 0x088000
[    4.802112] pci 0000:ff:0f.1: [8086:6ff9] type 00 class 0x088000
[    4.802143] pci 0000:ff:0f.4: [8086:6ffc] type 00 class 0x088000
[    4.802174] pci 0000:ff:0f.5: [8086:6ffd] type 00 class 0x088000
[    4.802204] pci 0000:ff:0f.6: [8086:6ffe] type 00 class 0x088000
[    4.802241] pci 0000:ff:10.0: [8086:6f1d] type 00 class 0x088000
[    4.802272] pci 0000:ff:10.1: [8086:6f34] type 00 class 0x110100
[    4.802305] pci 0000:ff:10.5: [8086:6f1e] type 00 class 0x088000
[    4.802334] pci 0000:ff:10.6: [8086:6f7d] type 00 class 0x110100
[    4.802364] pci 0000:ff:10.7: [8086:6f1f] type 00 class 0x088000
[    4.802393] pci 0000:ff:12.0: [8086:6fa0] type 00 class 0x088000
[    4.802413] pci 0000:ff:12.1: [8086:6f30] type 00 class 0x110100
[    4.802452] pci 0000:ff:13.0: [8086:6fa8] type 00 class 0x088000
[    4.802518] pci 0000:ff:13.1: [8086:6f71] type 00 class 0x088000
[    4.802564] pci 0000:ff:13.2: [8086:6faa] type 00 class 0x088000
[    4.802609] pci 0000:ff:13.3: [8086:6fab] type 00 class 0x088000
[    4.802654] pci 0000:ff:13.4: [8086:6fac] type 00 class 0x088000
[    4.802701] pci 0000:ff:13.5: [8086:6fad] type 00 class 0x088000
[    4.802744] pci 0000:ff:13.6: [8086:6fae] type 00 class 0x088000
[    4.802777] pci 0000:ff:13.7: [8086:6faf] type 00 class 0x088000
[    4.802811] pci 0000:ff:14.0: [8086:6fb0] type 00 class 0x088000
[    4.802863] pci 0000:ff:14.1: [8086:6fb1] type 00 class 0x088000
[    4.802909] pci 0000:ff:14.2: [8086:6fb2] type 00 class 0x088000
[    4.802954] pci 0000:ff:14.3: [8086:6fb3] type 00 class 0x088000
[    4.802999] pci 0000:ff:14.4: [8086:6fbc] type 00 class 0x088000
[    4.803036] pci 0000:ff:14.5: [8086:6fbd] type 00 class 0x088000
[    4.803069] pci 0000:ff:14.6: [8086:6fbe] type 00 class 0x088000
[    4.803104] pci 0000:ff:14.7: [8086:6fbf] type 00 class 0x088000
[    4.803139] pci 0000:ff:15.0: [8086:6fb4] type 00 class 0x088000
[    4.803191] pci 0000:ff:15.1: [8086:6fb5] type 00 class 0x088000
[    4.803238] pci 0000:ff:15.2: [8086:6fb6] type 00 class 0x088000
[    4.803284] pci 0000:ff:15.3: [8086:6fb7] type 00 class 0x088000
[    4.803333] pci 0000:ff:16.0: [8086:6f68] type 00 class 0x088000
[    4.803371] pci 0000:ff:16.6: [8086:6f6e] type 00 class 0x088000
[    4.803405] pci 0000:ff:16.7: [8086:6f6f] type 00 class 0x088000
[    4.803439] pci 0000:ff:17.0: [8086:6fd0] type 00 class 0x088000
[    4.803476] pci 0000:ff:17.4: [8086:6fb8] type 00 class 0x088000
[    4.803515] pci 0000:ff:17.5: [8086:6fb9] type 00 class 0x088000
[    4.803549] pci 0000:ff:17.6: [8086:6fba] type 00 class 0x088000
[    4.803582] pci 0000:ff:17.7: [8086:6fbb] type 00 class 0x088000
[    4.803619] pci 0000:ff:1e.0: [8086:6f98] type 00 class 0x088000
[    4.803652] pci 0000:ff:1e.1: [8086:6f99] type 00 class 0x088000
[    4.803684] pci 0000:ff:1e.2: [8086:6f9a] type 00 class 0x088000
[    4.803715] pci 0000:ff:1e.3: [8086:6fc0] type 00 class 0x088000
[    4.803737] pci 0000:ff:1e.4: [8086:6f9c] type 00 class 0x088000
[    4.803777] pci 0000:ff:1f.0: [8086:6f88] type 00 class 0x088000
[    4.803809] pci 0000:ff:1f.2: [8086:6f8a] type 00 class 0x088000
[    4.808844] ACPI: PCI Root Bridge [PCI0] (domain 0000 [bus 00-fe])
[    4.808847] acpi PNP0A08:00: _OSC: OS supports [ExtendedConfig ASPM ClockPM Segments MSI HPX-Type3]
[    6.849683] acpi PNP0A08:00: _OSC: platform does not support [PCIeHotplug SHPCHotplug LTR]
[    8.897740] acpi PNP0A08:00: _OSC: OS now controls [PME AER PCIeCapability]
[    8.897742] acpi PNP0A08:00: FADT indicates ASPM is unsupported, using BIOS configuration
[    8.898184] PCI host bridge to bus 0000:00
[    8.898185] pci_bus 0000:00: root bus resource [io  0x0000-0x0cf7 window]
[    8.898186] pci_bus 0000:00: root bus resource [io  0x1000-0xffff window]
[    8.898187] pci_bus 0000:00: root bus resource [mem 0x000a0000-0x000bffff window]
[    8.898188] pci_bus 0000:00: root bus resource [mem 0x60000000-0xfbffbfff window]
[    8.898188] pci_bus 0000:00: root bus resource [bus 00-fe]
[    8.898196] pci 0000:00:00.0: [8086:6f00] type 00 class 0x060000
[    8.898344] pci 0000:00:01.0: [8086:6f02] type 01 class 0x060400
[    8.898398] pci 0000:00:01.0: PME# supported from D0 D3hot D3cold
[    8.898541] pci 0000:00:01.1: [8086:6f03] type 01 class 0x060400
[    8.898595] pci 0000:00:01.1: PME# supported from D0 D3hot D3cold
[    8.898712] pci 0000:00:02.0: [8086:6f04] type 01 class 0x060400
[    8.898764] pci 0000:00:02.0: PME# supported from D0 D3hot D3cold
[    8.898908] pci 0000:00:03.0: [8086:6f08] type 01 class 0x060400
[    8.898962] pci 0000:00:03.0: PME# supported from D0 D3hot D3cold
[    8.899100] pci 0000:00:05.0: [8086:6f28] type 00 class 0x088000
[    8.899216] pci 0000:00:05.1: [8086:6f29] type 00 class 0x088000
[    8.899347] pci 0000:00:05.2: [8086:6f2a] type 00 class 0x088000
[    8.899453] pci 0000:00:05.4: [8086:6f2c] type 00 class 0x080020
[    8.899461] pci 0000:00:05.4: reg 0x10: [mem 0xfb63d000-0xfb63dfff]
[    8.899578] pci 0000:00:11.0: [8086:8d7c] type 00 class 0xff0000
[    8.899771] pci 0000:00:14.0: [8086:8d31] type 00 class 0x0c0330
[    8.899788] pci 0000:00:14.0: reg 0x10: [mem 0xfb620000-0xfb62ffff 64bit]
[    8.899840] pci 0000:00:14.0: PME# supported from D3hot D3cold
[    8.899930] pci 0000:00:16.0: [8086:8d3a] type 00 class 0x078000
[    8.899948] pci 0000:00:16.0: reg 0x10: [mem 0xfb63c000-0xfb63c00f 64bit]
[    8.900002] pci 0000:00:16.0: PME# supported from D0 D3hot D3cold
[    8.900099] pci 0000:00:19.0: [8086:15a0] type 00 class 0x020000
[    8.900114] pci 0000:00:19.0: reg 0x10: [mem 0xfb600000-0xfb61ffff]
[    8.900120] pci 0000:00:19.0: reg 0x14: [mem 0xfb639000-0xfb639fff]
[    8.900126] pci 0000:00:19.0: reg 0x18: [io  0xf020-0xf03f]
[    8.900175] pci 0000:00:19.0: PME# supported from D0 D3hot D3cold
[    8.900267] pci 0000:00:1a.0: [8086:8d2d] type 00 class 0x0c0320
[    8.900285] pci 0000:00:1a.0: reg 0x10: [mem 0xfb638000-0xfb6383ff]
[    8.900357] pci 0000:00:1a.0: PME# supported from D0 D3hot D3cold
[    8.900459] pci 0000:00:1b.0: [8086:8d20] type 00 class 0x040300
[    8.900476] pci 0000:00:1b.0: reg 0x10: [mem 0xfb630000-0xfb633fff 64bit]
[    8.900538] pci 0000:00:1b.0: PME# supported from D0 D3hot D3cold
[    8.900632] pci 0000:00:1c.0: [8086:8d10] type 01 class 0x060400
[    8.900701] pci 0000:00:1c.0: PME# supported from D0 D3hot D3cold
[    8.900811] pci 0000:00:1c.3: [8086:8d16] type 01 class 0x060400
[    8.900881] pci 0000:00:1c.3: PME# supported from D0 D3hot D3cold
[    8.900990] pci 0000:00:1c.4: [8086:8d18] type 01 class 0x060400
[    8.901060] pci 0000:00:1c.4: PME# supported from D0 D3hot D3cold
[    8.901168] pci 0000:00:1c.6: [8086:8d1c] type 01 class 0x060400
[    8.901238] pci 0000:00:1c.6: PME# supported from D0 D3hot D3cold
[    8.901346] pci 0000:00:1d.0: [8086:8d26] type 00 class 0x0c0320
[    8.901364] pci 0000:00:1d.0: reg 0x10: [mem 0xfb637000-0xfb6373ff]
[    8.901437] pci 0000:00:1d.0: PME# supported from D0 D3hot D3cold
[    8.901536] pci 0000:00:1f.0: [8086:8d47] type 00 class 0x060100
[    8.901721] pci 0000:00:1f.2: [8086:8d02] type 00 class 0x010601
[    8.901734] pci 0000:00:1f.2: reg 0x10: [io  0xf070-0xf077]
[    8.901740] pci 0000:00:1f.2: reg 0x14: [io  0xf060-0xf063]
[    8.901745] pci 0000:00:1f.2: reg 0x18: [io  0xf050-0xf057]
[    8.901750] pci 0000:00:1f.2: reg 0x1c: [io  0xf040-0xf043]
[    8.901756] pci 0000:00:1f.2: reg 0x20: [io  0xf000-0xf01f]
[    8.901761] pci 0000:00:1f.2: reg 0x24: [mem 0xfb636000-0xfb6367ff]
[    8.901792] pci 0000:00:1f.2: PME# supported from D3hot
[    8.901886] pci 0000:00:1f.3: [8086:8d22] type 00 class 0x0c0500
[    8.901901] pci 0000:00:1f.3: reg 0x10: [mem 0xfb635000-0xfb6350ff 64bit]
[    8.901917] pci 0000:00:1f.3: reg 0x20: [io  0x0580-0x059f]
[    8.902178] pci 0000:00:01.0: PCI bridge to [bus 01]
[    8.902344] pci 0000:00:01.1: PCI bridge to [bus 02]
[    8.902506] pci 0000:07:00.0: [10b5:8747] type 01 class 0x060400
[    8.902521] pci 0000:07:00.0: reg 0x10: [mem 0xf7100000-0xf713ffff]
[    8.902586] pci 0000:07:00.0: PME# supported from D0 D3hot D3cold
[    8.902678] pci 0000:00:02.0: PCI bridge to [bus 07-0a]
[    8.902680] pci 0000:00:02.0:   bridge window [io  0xa000-0xbfff]
[    8.902681] pci 0000:00:02.0:   bridge window [mem 0xf4000000-0xf71fffff]
[    8.902684] pci 0000:00:02.0:   bridge window [mem 0x60000000-0x91ffffff 64bit pref]
[    8.902717] pci 0000:08:08.0: [10b5:8747] type 01 class 0x060400
[    8.902796] pci 0000:08:08.0: PME# supported from D0 D3hot D3cold
[    8.902857] pci 0000:08:10.0: [10b5:8747] type 01 class 0x060400
[    8.902935] pci 0000:08:10.0: PME# supported from D0 D3hot D3cold
[    8.902994] pci 0000:07:00.0: PCI bridge to [bus 08-0a]
[    8.902997] pci 0000:07:00.0:   bridge window [io  0xa000-0xbfff]
[    8.902998] pci 0000:07:00.0:   bridge window [mem 0xf4000000-0xf70fffff]
[    8.903001] pci 0000:07:00.0:   bridge window [mem 0x60000000-0x91ffffff 64bit pref]
[    8.903030] pci 0000:0a:00.0: [10de:1b06] type 00 class 0x030000
[    8.903046] pci 0000:0a:00.0: reg 0x10: [mem 0xf4000000-0xf4ffffff]
[    8.903054] pci 0000:0a:00.0: reg 0x14: [mem 0x60000000-0x6fffffff 64bit pref]
[    8.903061] pci 0000:0a:00.0: reg 0x1c: [mem 0x70000000-0x71ffffff 64bit pref]
[    8.903066] pci 0000:0a:00.0: reg 0x24: [io  0xa000-0xa07f]
[    8.903070] pci 0000:0a:00.0: reg 0x30: [mem 0xf5000000-0xf507ffff pref]
[    8.903075] pci 0000:0a:00.0: enabling Extended Tags
[    8.903193] pci 0000:0a:00.1: [10de:10ef] type 00 class 0x040300
[    8.903206] pci 0000:0a:00.1: reg 0x10: [mem 0xf5080000-0xf5083fff]
[    8.903242] pci 0000:0a:00.1: enabling Extended Tags
[    8.903328] pci 0000:08:08.0: PCI bridge to [bus 0a]
[    8.903331] pci 0000:08:08.0:   bridge window [io  0xa000-0xafff]
[    8.903332] pci 0000:08:08.0:   bridge window [mem 0xf4000000-0xf50fffff]
[    8.903335] pci 0000:08:08.0:   bridge window [mem 0x60000000-0x71ffffff 64bit pref]
[    8.903365] pci 0000:09:00.0: [10de:1b06] type 00 class 0x030000
[    8.903381] pci 0000:09:00.0: reg 0x10: [mem 0xf6000000-0xf6ffffff]
[    8.903388] pci 0000:09:00.0: reg 0x14: [mem 0x80000000-0x8fffffff 64bit pref]
[    8.903396] pci 0000:09:00.0: reg 0x1c: [mem 0x90000000-0x91ffffff 64bit pref]
[    8.903400] pci 0000:09:00.0: reg 0x24: [io  0xb000-0xb07f]
[    8.903404] pci 0000:09:00.0: reg 0x30: [mem 0xf7000000-0xf707ffff pref]
[    8.903409] pci 0000:09:00.0: enabling Extended Tags
[    8.903525] pci 0000:09:00.1: [10de:10ef] type 00 class 0x040300
[    8.903538] pci 0000:09:00.1: reg 0x10: [mem 0xf7080000-0xf7083fff]
[    8.903574] pci 0000:09:00.1: enabling Extended Tags
[    8.903672] pci 0000:08:10.0: PCI bridge to [bus 09]
[    8.903675] pci 0000:08:10.0:   bridge window [io  0xb000-0xbfff]
[    8.903676] pci 0000:08:10.0:   bridge window [mem 0xf6000000-0xf70fffff]
[    8.903679] pci 0000:08:10.0:   bridge window [mem 0x80000000-0x91ffffff 64bit pref]
[    8.903853] pci 0000:03:00.0: [10b5:8747] type 01 class 0x060400
[    8.903868] pci 0000:03:00.0: reg 0x10: [mem 0xfb100000-0xfb13ffff]
[    8.903931] pci 0000:03:00.0: PME# supported from D0 D3hot D3cold
[    8.904022] pci 0000:00:03.0: PCI bridge to [bus 03-06]
[    8.904024] pci 0000:00:03.0:   bridge window [io  0xc000-0xdfff]
[    8.904025] pci 0000:00:03.0:   bridge window [mem 0xf8000000-0xfb1fffff]
[    8.904027] pci 0000:00:03.0:   bridge window [mem 0xa0000000-0xd1ffffff 64bit pref]
[    8.904059] pci 0000:04:08.0: [10b5:8747] type 01 class 0x060400
[    8.904137] pci 0000:04:08.0: PME# supported from D0 D3hot D3cold
[    8.904199] pci 0000:04:10.0: [10b5:8747] type 01 class 0x060400
[    8.904276] pci 0000:04:10.0: PME# supported from D0 D3hot D3cold
[    8.904334] pci 0000:03:00.0: PCI bridge to [bus 04-06]
[    8.904336] pci 0000:03:00.0:   bridge window [io  0xc000-0xdfff]
[    8.904338] pci 0000:03:00.0:   bridge window [mem 0xf8000000-0xfb0fffff]
[    8.904341] pci 0000:03:00.0:   bridge window [mem 0xa0000000-0xd1ffffff 64bit pref]
[    8.904369] pci 0000:06:00.0: [10de:1b06] type 00 class 0x030000
[    8.904385] pci 0000:06:00.0: reg 0x10: [mem 0xf8000000-0xf8ffffff]
[    8.904392] pci 0000:06:00.0: reg 0x14: [mem 0xa0000000-0xafffffff 64bit pref]
[    8.904399] pci 0000:06:00.0: reg 0x1c: [mem 0xb0000000-0xb1ffffff 64bit pref]
[    8.904404] pci 0000:06:00.0: reg 0x24: [io  0xc000-0xc07f]
[    8.904408] pci 0000:06:00.0: reg 0x30: [mem 0xf9000000-0xf907ffff pref]
[    8.904413] pci 0000:06:00.0: enabling Extended Tags
[    8.904530] pci 0000:06:00.1: [10de:10ef] type 00 class 0x040300
[    8.904543] pci 0000:06:00.1: reg 0x10: [mem 0xf9080000-0xf9083fff]
[    8.904578] pci 0000:06:00.1: enabling Extended Tags
[    8.904663] pci 0000:04:08.0: PCI bridge to [bus 06]
[    8.904666] pci 0000:04:08.0:   bridge window [io  0xc000-0xcfff]
[    8.904668] pci 0000:04:08.0:   bridge window [mem 0xf8000000-0xf90fffff]
[    8.904671] pci 0000:04:08.0:   bridge window [mem 0xa0000000-0xb1ffffff 64bit pref]
[    8.904702] pci 0000:05:00.0: [10de:1b06] type 00 class 0x030000
[    8.904724] pci 0000:05:00.0: reg 0x10: [mem 0xfa000000-0xfaffffff]
[    8.904735] pci 0000:05:00.0: reg 0x14: [mem 0xc0000000-0xcfffffff 64bit pref]
[    8.904745] pci 0000:05:00.0: reg 0x1c: [mem 0xd0000000-0xd1ffffff 64bit pref]
[    8.904752] pci 0000:05:00.0: reg 0x24: [io  0xd000-0xd07f]
[    8.904759] pci 0000:05:00.0: reg 0x30: [mem 0xfb000000-0xfb07ffff pref]
[    8.904765] pci 0000:05:00.0: enabling Extended Tags
[    8.904876] pci 0000:05:00.0: 32.000 Gb/s available PCIe bandwidth, limited by 2.5 GT/s PCIe x16 link at 0000:04:10.0 (capable of 126.016 Gb/s with 8.0 GT/s PCIe x16 link)
[    8.904907] pci 0000:05:00.1: [10de:10ef] type 00 class 0x040300
[    8.904923] pci 0000:05:00.1: reg 0x10: [mem 0xfb080000-0xfb083fff]
[    8.904967] pci 0000:05:00.1: enabling Extended Tags
[    8.905072] pci 0000:04:10.0: PCI bridge to [bus 05]
[    8.905075] pci 0000:04:10.0:   bridge window [io  0xd000-0xdfff]
[    8.905077] pci 0000:04:10.0:   bridge window [mem 0xfa000000-0xfb0fffff]
[    8.905080] pci 0000:04:10.0:   bridge window [mem 0xc0000000-0xd1ffffff 64bit pref]
[    8.905124] pci 0000:00:1c.0: PCI bridge to [bus 0b]
[    8.905183] pci 0000:0c:00.0: [1b21:1184] type 01 class 0x060400
[    8.905245] pci 0000:0c:00.0: enabling Extended Tags
[    8.905312] pci 0000:0c:00.0: PME# supported from D0 D3hot D3cold
[    8.905412] pci 0000:00:1c.3: PCI bridge to [bus 0c-0f]
[    8.905415] pci 0000:00:1c.3:   bridge window [io  0x8000-0x9fff]
[    8.905417] pci 0000:00:1c.3:   bridge window [mem 0xfb200000-0xfb3fffff]
[    8.905483] pci 0000:0d:01.0: [1b21:1184] type 01 class 0x060400
[    8.905545] pci 0000:0d:01.0: enabling Extended Tags
[    8.905610] pci 0000:0d:01.0: PME# supported from D0 D3hot D3cold
[    8.905701] pci 0000:0d:05.0: [1b21:1184] type 01 class 0x060400
[    8.905763] pci 0000:0d:05.0: enabling Extended Tags
[    8.905828] pci 0000:0d:05.0: PME# supported from D0 D3hot D3cold
[    8.905931] pci 0000:0c:00.0: PCI bridge to [bus 0d-0f]
[    8.905937] pci 0000:0c:00.0:   bridge window [io  0x8000-0x9fff]
[    8.905940] pci 0000:0c:00.0:   bridge window [mem 0xfb200000-0xfb3fffff]
[    8.906017] pci 0000:0e:00.0: [8086:1533] type 00 class 0x020000
[    8.906063] pci 0000:0e:00.0: reg 0x10: [mem 0xfb300000-0xfb37ffff]
[    8.906097] pci 0000:0e:00.0: reg 0x18: [io  0x9000-0x901f]
[    8.906114] pci 0000:0e:00.0: reg 0x1c: [mem 0xfb380000-0xfb383fff]
[    8.906298] pci 0000:0e:00.0: PME# supported from D0 D3hot D3cold
[    8.906457] pci 0000:0d:01.0: PCI bridge to [bus 0e]
[    8.906462] pci 0000:0d:01.0:   bridge window [io  0x9000-0x9fff]
[    8.906465] pci 0000:0d:01.0:   bridge window [mem 0xfb300000-0xfb3fffff]
[    8.906535] pci 0000:0f:00.0: [1b21:0612] type 00 class 0x010601
[    8.906566] pci 0000:0f:00.0: reg 0x10: [io  0x8050-0x8057]
[    8.906579] pci 0000:0f:00.0: reg 0x14: [io  0x8040-0x8043]
[    8.906592] pci 0000:0f:00.0: reg 0x18: [io  0x8030-0x8037]
[    8.906605] pci 0000:0f:00.0: reg 0x1c: [io  0x8020-0x8023]
[    8.906618] pci 0000:0f:00.0: reg 0x20: [io  0x8000-0x801f]
[    8.906631] pci 0000:0f:00.0: reg 0x24: [mem 0xfb200000-0xfb2001ff]
[    8.906830] pci 0000:0d:05.0: PCI bridge to [bus 0f]
[    8.906835] pci 0000:0d:05.0:   bridge window [io  0x8000-0x8fff]
[    8.906838] pci 0000:0d:05.0:   bridge window [mem 0xfb200000-0xfb2fffff]
[    8.906910] pci 0000:10:00.0: [1b21:0612] type 00 class 0x010601
[    8.906932] pci 0000:10:00.0: reg 0x10: [io  0xe050-0xe057]
[    8.906941] pci 0000:10:00.0: reg 0x14: [io  0xe040-0xe043]
[    8.906951] pci 0000:10:00.0: reg 0x18: [io  0xe030-0xe037]
[    8.906960] pci 0000:10:00.0: reg 0x1c: [io  0xe020-0xe023]
[    8.906970] pci 0000:10:00.0: reg 0x20: [io  0xe000-0xe01f]
[    8.906980] pci 0000:10:00.0: reg 0x24: [mem 0xfb500000-0xfb5001ff]
[    8.907112] pci 0000:00:1c.4: PCI bridge to [bus 10]
[    8.907114] pci 0000:00:1c.4:   bridge window [io  0xe000-0xefff]
[    8.907116] pci 0000:00:1c.4:   bridge window [mem 0xfb500000-0xfb5fffff]
[    8.907168] pci 0000:11:00.0: [1b21:1242] type 00 class 0x0c0330
[    8.907201] pci 0000:11:00.0: reg 0x10: [mem 0xfb400000-0xfb407fff 64bit]
[    8.907255] pci 0000:11:00.0: enabling Extended Tags
[    8.907333] pci 0000:11:00.0: PME# supported from D3hot D3cold
[    8.907434] pci 0000:00:1c.6: PCI bridge to [bus 11]
[    8.907438] pci 0000:00:1c.6:   bridge window [mem 0xfb400000-0xfb4fffff]
[    8.907471] pci_bus 0000:00: on NUMA node 0
[    8.908267] ACPI: PCI Interrupt Link [LNKA] (IRQs 3 4 5 6 7 10 *11 12 14 15)
[    8.908322] ACPI: PCI Interrupt Link [LNKB] (IRQs 3 4 5 6 7 *10 11 12 14 15)
[    8.908377] ACPI: PCI Interrupt Link [LNKC] (IRQs *3 4 5 6 10 11 12 14 15)
[    8.908432] ACPI: PCI Interrupt Link [LNKD] (IRQs 3 4 5 6 10 11 12 *14 15)
[    8.908486] ACPI: PCI Interrupt Link [LNKE] (IRQs 3 4 *5 6 7 10 11 12 14 15)
[    8.908543] ACPI: PCI Interrupt Link [LNKF] (IRQs 3 4 5 6 7 10 *11 12 14 15)
[    8.908596] ACPI: PCI Interrupt Link [LNKG] (IRQs 3 4 5 6 *7 10 11 12 14 15)
[    8.908649] ACPI: PCI Interrupt Link [LNKH] (IRQs 3 4 5 6 7 10 11 12 14 *15)
[    8.908817] ACPI: EC: interrupt unblocked
[    8.908818] ACPI: EC: event unblocked
[    8.908821] ACPI: EC: EC_CMD/EC_SC=0x66, EC_DATA=0x62
[    8.908822] ACPI: EC: GPE=0x1e
[    8.908823] ACPI: \_SB_.PCI0.LPC0.EC0_: Boot DSDT EC initialization complete
[    8.908824] ACPI: \_SB_.PCI0.LPC0.EC0_: EC: Used to handle transactions and events
[    8.908922] iommu: Default domain type: Translated 
[    8.908922] SCSI subsystem initialized
[    8.908922] libata version 3.00 loaded.
[    8.908922] pci 0000:0a:00.0: vgaarb: VGA device added: decodes=io+mem,owns=none,locks=none
[    8.908922] pci 0000:09:00.0: vgaarb: VGA device added: decodes=io+mem,owns=none,locks=none
[    8.908922] pci 0000:06:00.0: vgaarb: VGA device added: decodes=io+mem,owns=none,locks=none
[    8.908922] pci 0000:05:00.0: vgaarb: setting as boot VGA device
[    8.908922] pci 0000:05:00.0: vgaarb: VGA device added: decodes=io+mem,owns=io+mem,locks=none
[    8.908922] pci 0000:0a:00.0: vgaarb: bridge control possible
[    8.908922] pci 0000:09:00.0: vgaarb: bridge control possible
[    8.908922] pci 0000:06:00.0: vgaarb: bridge control possible
[    8.908922] pci 0000:05:00.0: vgaarb: bridge control possible
[    8.908922] vgaarb: loaded
[    8.908922] ACPI: bus type USB registered
[    8.908922] usbcore: registered new interface driver usbfs
[    8.908922] usbcore: registered new interface driver hub
[    8.908922] usbcore: registered new device driver usb
[    8.908922] pps_core: LinuxPPS API ver. 1 registered
[    8.908922] pps_core: Software ver. 5.3.6 - Copyright 2005-2007 Rodolfo Giometti <giometti@linux.it>
[    8.908922] PTP clock support registered
[    8.908922] EDAC MC: Ver: 3.0.0
[    8.908922] NetLabel: Initializing
[    8.908922] NetLabel:  domain hash size = 128
[    8.908922] NetLabel:  protocols = UNLABELED CIPSOv4 CALIPSO
[    8.908922] NetLabel:  unlabeled traffic allowed by default
[    8.909620] PCI: Using ACPI for IRQ routing
[    8.914636] PCI: pci_cache_line_size set to 64 bytes
[    8.914759] e820: reserve RAM buffer [mem 0x0009e800-0x0009ffff]
[    8.914760] e820: reserve RAM buffer [mem 0x5a4f1000-0x5bffffff]
[    8.914760] e820: reserve RAM buffer [mem 0x5dd03000-0x5fffffff]
[    8.914761] e820: reserve RAM buffer [mem 0x5e000000-0x5fffffff]
[    8.914767] hpet0: at MMIO 0xfed00000, IRQs 2, 8, 0, 0, 0, 0, 0, 0
[    8.914767] hpet0: 8 comparators, 64-bit 14.318180 MHz counter
[    8.916440] clocksource: Switched to clocksource tsc-early
[    8.925555] VFS: Disk quotas dquot_6.6.0
[    8.925568] VFS: Dquot-cache hash table entries: 512 (order 0, 4096 bytes)
[    8.925669] AppArmor: AppArmor Filesystem Enabled
[    8.925690] pnp: PnP ACPI init
[    8.926066] pnp 00:00: Plug and Play ACPI device, IDs PNP0b00 (active)
[    8.926177] system 00:01: [io  0x0500-0x057f] has been reserved
[    8.926178] system 00:01: [io  0x0400-0x047f] has been reserved
[    8.926179] system 00:01: [io  0x0580-0x059f] has been reserved
[    8.926180] system 00:01: [io  0x0600-0x061f] has been reserved
[    8.926181] system 00:01: [io  0x0880-0x0883] has been reserved
[    8.926182] system 00:01: [io  0x0800-0x081f] has been reserved
[    8.926183] system 00:01: [mem 0xfed1c000-0xfed3ffff] has been reserved
[    8.926184] system 00:01: [mem 0xfed45000-0xfed8bfff] has been reserved
[    8.926184] system 00:01: [mem 0xff000000-0xffffffff] has been reserved
[    8.926185] system 00:01: [mem 0xfee00000-0xfeefffff] has been reserved
[    8.926186] system 00:01: [mem 0xfed12000-0xfed1200f] has been reserved
[    8.926187] system 00:01: [mem 0xfed12010-0xfed1201f] has been reserved
[    8.926188] system 00:01: [mem 0xfed1b000-0xfed1bfff] has been reserved
[    8.926191] system 00:01: Plug and Play ACPI device, IDs PNP0c02 (active)
[    8.926333] system 00:02: [io  0x0290-0x029f] has been reserved
[    8.926335] system 00:02: Plug and Play ACPI device, IDs PNP0c02 (active)
[    8.926562] pnp 00:03: [dma 0 disabled]
[    8.926591] pnp 00:03: Plug and Play ACPI device, IDs PNP0501 (active)
[    8.927094] pnp: PnP ACPI: found 4 devices
[    8.932667] clocksource: acpi_pm: mask: 0xffffff max_cycles: 0xffffff, max_idle_ns: 2085701024 ns
[    8.932711] NET: Registered protocol family 2
[    8.933008] tcp_listen_portaddr_hash hash table entries: 65536 (order: 8, 1048576 bytes, linear)
[    8.933571] TCP established hash table entries: 524288 (order: 10, 4194304 bytes, linear)
[    8.933999] TCP bind hash table entries: 65536 (order: 8, 1048576 bytes, linear)
[    8.934063] TCP: Hash tables configured (established 524288 bind 65536)
[    8.934383] UDP hash table entries: 65536 (order: 9, 2097152 bytes, linear)
[    8.934771] UDP-Lite hash table entries: 65536 (order: 9, 2097152 bytes, linear)
[    8.934956] NET: Registered protocol family 1
[    8.934961] NET: Registered protocol family 44
[    8.934990] pci 0000:00:01.0: PCI bridge to [bus 01]
[    8.934995] pci 0000:00:01.1: PCI bridge to [bus 02]
[    8.935000] pci 0000:08:08.0: PCI bridge to [bus 0a]
[    8.935002] pci 0000:08:08.0:   bridge window [io  0xa000-0xafff]
[    8.935004] pci 0000:08:08.0:   bridge window [mem 0xf4000000-0xf50fffff]
[    8.935006] pci 0000:08:08.0:   bridge window [mem 0x60000000-0x71ffffff 64bit pref]
[    8.935009] pci 0000:08:10.0: PCI bridge to [bus 09]
[    8.935010] pci 0000:08:10.0:   bridge window [io  0xb000-0xbfff]
[    8.935013] pci 0000:08:10.0:   bridge window [mem 0xf6000000-0xf70fffff]
[    8.935014] pci 0000:08:10.0:   bridge window [mem 0x80000000-0x91ffffff 64bit pref]
[    8.935017] pci 0000:07:00.0: PCI bridge to [bus 08-0a]
[    8.935018] pci 0000:07:00.0:   bridge window [io  0xa000-0xbfff]
[    8.935021] pci 0000:07:00.0:   bridge window [mem 0xf4000000-0xf70fffff]
[    8.935022] pci 0000:07:00.0:   bridge window [mem 0x60000000-0x91ffffff 64bit pref]
[    8.935025] pci 0000:00:02.0: PCI bridge to [bus 07-0a]
[    8.935026] pci 0000:00:02.0:   bridge window [io  0xa000-0xbfff]
[    8.935028] pci 0000:00:02.0:   bridge window [mem 0xf4000000-0xf71fffff]
[    8.935030] pci 0000:00:02.0:   bridge window [mem 0x60000000-0x91ffffff 64bit pref]
[    8.935033] pci 0000:04:08.0: PCI bridge to [bus 06]
[    8.935034] pci 0000:04:08.0:   bridge window [io  0xc000-0xcfff]
[    8.935036] pci 0000:04:08.0:   bridge window [mem 0xf8000000-0xf90fffff]
[    8.935038] pci 0000:04:08.0:   bridge window [mem 0xa0000000-0xb1ffffff 64bit pref]
[    8.935041] pci 0000:04:10.0: PCI bridge to [bus 05]
[    8.935042] pci 0000:04:10.0:   bridge window [io  0xd000-0xdfff]
[    8.935044] pci 0000:04:10.0:   bridge window [mem 0xfa000000-0xfb0fffff]
[    8.935046] pci 0000:04:10.0:   bridge window [mem 0xc0000000-0xd1ffffff 64bit pref]
[    8.935049] pci 0000:03:00.0: PCI bridge to [bus 04-06]
[    8.935050] pci 0000:03:00.0:   bridge window [io  0xc000-0xdfff]
[    8.935052] pci 0000:03:00.0:   bridge window [mem 0xf8000000-0xfb0fffff]
[    8.935054] pci 0000:03:00.0:   bridge window [mem 0xa0000000-0xd1ffffff 64bit pref]
[    8.935057] pci 0000:00:03.0: PCI bridge to [bus 03-06]
[    8.935058] pci 0000:00:03.0:   bridge window [io  0xc000-0xdfff]
[    8.935060] pci 0000:00:03.0:   bridge window [mem 0xf8000000-0xfb1fffff]
[    8.935061] pci 0000:00:03.0:   bridge window [mem 0xa0000000-0xd1ffffff 64bit pref]
[    8.935064] pci 0000:00:1c.0: PCI bridge to [bus 0b]
[    8.935072] pci 0000:0d:01.0: PCI bridge to [bus 0e]
[    8.935073] pci 0000:0d:01.0:   bridge window [io  0x9000-0x9fff]
[    8.935078] pci 0000:0d:01.0:   bridge window [mem 0xfb300000-0xfb3fffff]
[    8.935086] pci 0000:0d:05.0: PCI bridge to [bus 0f]
[    8.935087] pci 0000:0d:05.0:   bridge window [io  0x8000-0x8fff]
[    8.935092] pci 0000:0d:05.0:   bridge window [mem 0xfb200000-0xfb2fffff]
[    8.935099] pci 0000:0c:00.0: PCI bridge to [bus 0d-0f]
[    8.935101] pci 0000:0c:00.0:   bridge window [io  0x8000-0x9fff]
[    8.935105] pci 0000:0c:00.0:   bridge window [mem 0xfb200000-0xfb3fffff]
[    8.935113] pci 0000:00:1c.3: PCI bridge to [bus 0c-0f]
[    8.935114] pci 0000:00:1c.3:   bridge window [io  0x8000-0x9fff]
[    8.935117] pci 0000:00:1c.3:   bridge window [mem 0xfb200000-0xfb3fffff]
[    8.935122] pci 0000:00:1c.4: PCI bridge to [bus 10]
[    8.935124] pci 0000:00:1c.4:   bridge window [io  0xe000-0xefff]
[    8.935126] pci 0000:00:1c.4:   bridge window [mem 0xfb500000-0xfb5fffff]
[    8.935132] pci 0000:00:1c.6: PCI bridge to [bus 11]
[    8.935134] pci 0000:00:1c.6:   bridge window [mem 0xfb400000-0xfb4fffff]
[    8.935141] pci_bus 0000:00: resource 4 [io  0x0000-0x0cf7 window]
[    8.935142] pci_bus 0000:00: resource 5 [io  0x1000-0xffff window]
[    8.935142] pci_bus 0000:00: resource 6 [mem 0x000a0000-0x000bffff window]
[    8.935143] pci_bus 0000:00: resource 7 [mem 0x60000000-0xfbffbfff window]
[    8.935144] pci_bus 0000:07: resource 0 [io  0xa000-0xbfff]
[    8.935144] pci_bus 0000:07: resource 1 [mem 0xf4000000-0xf71fffff]
[    8.935145] pci_bus 0000:07: resource 2 [mem 0x60000000-0x91ffffff 64bit pref]
[    8.935146] pci_bus 0000:08: resource 0 [io  0xa000-0xbfff]
[    8.935147] pci_bus 0000:08: resource 1 [mem 0xf4000000-0xf70fffff]
[    8.935147] pci_bus 0000:08: resource 2 [mem 0x60000000-0x91ffffff 64bit pref]
[    8.935148] pci_bus 0000:0a: resource 0 [io  0xa000-0xafff]
[    8.935149] pci_bus 0000:0a: resource 1 [mem 0xf4000000-0xf50fffff]
[    8.935149] pci_bus 0000:0a: resource 2 [mem 0x60000000-0x71ffffff 64bit pref]
[    8.935150] pci_bus 0000:09: resource 0 [io  0xb000-0xbfff]
[    8.935151] pci_bus 0000:09: resource 1 [mem 0xf6000000-0xf70fffff]
[    8.935151] pci_bus 0000:09: resource 2 [mem 0x80000000-0x91ffffff 64bit pref]
[    8.935152] pci_bus 0000:03: resource 0 [io  0xc000-0xdfff]
[    8.935153] pci_bus 0000:03: resource 1 [mem 0xf8000000-0xfb1fffff]
[    8.935153] pci_bus 0000:03: resource 2 [mem 0xa0000000-0xd1ffffff 64bit pref]
[    8.935154] pci_bus 0000:04: resource 0 [io  0xc000-0xdfff]
[    8.935155] pci_bus 0000:04: resource 1 [mem 0xf8000000-0xfb0fffff]
[    8.935155] pci_bus 0000:04: resource 2 [mem 0xa0000000-0xd1ffffff 64bit pref]
[    8.935156] pci_bus 0000:06: resource 0 [io  0xc000-0xcfff]
[    8.935157] pci_bus 0000:06: resource 1 [mem 0xf8000000-0xf90fffff]
[    8.935157] pci_bus 0000:06: resource 2 [mem 0xa0000000-0xb1ffffff 64bit pref]
[    8.935158] pci_bus 0000:05: resource 0 [io  0xd000-0xdfff]
[    8.935159] pci_bus 0000:05: resource 1 [mem 0xfa000000-0xfb0fffff]
[    8.935159] pci_bus 0000:05: resource 2 [mem 0xc0000000-0xd1ffffff 64bit pref]
[    8.935160] pci_bus 0000:0c: resource 0 [io  0x8000-0x9fff]
[    8.935161] pci_bus 0000:0c: resource 1 [mem 0xfb200000-0xfb3fffff]
[    8.935161] pci_bus 0000:0d: resource 0 [io  0x8000-0x9fff]
[    8.935162] pci_bus 0000:0d: resource 1 [mem 0xfb200000-0xfb3fffff]
[    8.935163] pci_bus 0000:0e: resource 0 [io  0x9000-0x9fff]
[    8.935163] pci_bus 0000:0e: resource 1 [mem 0xfb300000-0xfb3fffff]
[    8.935164] pci_bus 0000:0f: resource 0 [io  0x8000-0x8fff]
[    8.935165] pci_bus 0000:0f: resource 1 [mem 0xfb200000-0xfb2fffff]
[    8.935165] pci_bus 0000:10: resource 0 [io  0xe000-0xefff]
[    8.935166] pci_bus 0000:10: resource 1 [mem 0xfb500000-0xfb5fffff]
[    8.935167] pci_bus 0000:11: resource 1 [mem 0xfb400000-0xfb4fffff]
[    8.935371] pci 0000:00:05.0: disabled boot interrupts on device [8086:6f28]
[    8.957745] pci 0000:00:1a.0: quirk_usb_early_handoff+0x0/0x670 took 21659 usecs
[    8.981703] pci 0000:00:1d.0: quirk_usb_early_handoff+0x0/0x670 took 23383 usecs
[    8.981712] pci 0000:07:00.0: CLS mismatch (64 != 32), using 64 bytes
[    8.981739] pci 0000:0a:00.1: D0 power state depends on 0000:0a:00.0
[    8.981792] pci 0000:09:00.1: D0 power state depends on 0000:09:00.0
[    8.981842] pci 0000:06:00.1: D0 power state depends on 0000:06:00.0
[    8.981854] pci 0000:05:00.0: Video device with shadowed ROM at [mem 0x000c0000-0x000dffff]
[    8.981897] pci 0000:05:00.1: D0 power state depends on 0000:05:00.0
[    8.982107] Trying to unpack rootfs image as initramfs...
[    9.081160] Freeing initrd memory: 52796K
[    9.081223] PCI-DMA: Using software bounce buffering for IO (SWIOTLB)
[    9.081224] software IO TLB: mapped [mem 0x564f1000-0x5a4f1000] (64MB)
[    9.081627] check: Scanning for low memory corruption every 60 seconds
[    9.082105] Initialise system trusted keyrings
[    9.082111] Key type blacklist registered
[    9.082134] workingset: timestamp_bits=36 max_order=25 bucket_order=0
[    9.083023] zbud: loaded
[    9.083207] squashfs: version 4.0 (2009/01/31) Phillip Lougher
[    9.083308] fuse: init (API version 7.31)
[    9.083406] integrity: Platform Keyring initialized
[    9.090967] Key type asymmetric registered
[    9.090968] Asymmetric key parser 'x509' registered
[    9.090973] Block layer SCSI generic (bsg) driver version 0.4 loaded (major 244)
[    9.090997] io scheduler mq-deadline registered
[    9.091268] pcieport 0000:00:01.0: PME: Signaling with IRQ 25
[    9.091304] pcieport 0000:00:01.0: AER: enabled with IRQ 25
[    9.091432] pcieport 0000:00:01.1: PME: Signaling with IRQ 26
[    9.091461] pcieport 0000:00:01.1: AER: enabled with IRQ 26
[    9.091585] pcieport 0000:00:02.0: PME: Signaling with IRQ 28
[    9.091634] pcieport 0000:00:02.0: AER: enabled with IRQ 28
[    9.091754] pcieport 0000:00:03.0: PME: Signaling with IRQ 30
[    9.091800] pcieport 0000:00:03.0: AER: enabled with IRQ 30
[    9.091927] pcieport 0000:00:1c.0: PME: Signaling with IRQ 31
[    9.092059] pcieport 0000:00:1c.3: PME: Signaling with IRQ 32
[    9.092185] pcieport 0000:00:1c.4: PME: Signaling with IRQ 33
[    9.092263] pcieport 0000:00:1c.6: PME: Signaling with IRQ 34
[    9.093514] shpchp: Standard Hot Plug PCI Controller Driver version: 0.4
[    9.093566] vesafb: mode is 640x480x32, linelength=2560, pages=0
[    9.093566] vesafb: scrolling: redraw
[    9.093567] vesafb: Truecolor: size=8:8:8:8, shift=24:16:8:0
[    9.093576] vesafb: framebuffer at 0xd1000000, mapped to 0x00000000ba1610cb, using 1216k, total 1216k
[    9.093598] fbcon: Deferring console take-over
[    9.093599] fb0: VESA VGA frame buffer device
[    9.093608] intel_idle: MWAIT substates: 0x2120
[    9.093682] Monitor-Mwait will be used to enter C-1 state
[    9.093683] Monitor-Mwait will be used to enter C-2 state
[    9.093685] ACPI: \_SB_.SCK0.CP00: Found 2 idle states
[    9.093686] intel_idle: v0.5.1 model 0x4F
[    9.094008] intel_idle: Local APIC timer is reliable in all C-states
[    9.094330] input: Power Button as /devices/LNXSYSTM:00/LNXSYBUS:00/PNP0C0C:00/input/input0
[    9.094347] ACPI: Power Button [PWRB]
[    9.094368] input: Power Button as /devices/LNXSYSTM:00/LNXPWRBN:00/input/input1
[    9.094390] ACPI: Power Button [PWRF]
[    9.096145] Serial: 8250/16550 driver, 32 ports, IRQ sharing enabled
[    9.116580] 00:03: ttyS0 at I/O 0x3f8 (irq = 4, base_baud = 115200) is a 16550A
[    9.118562] Linux agpgart interface v0.103
[    9.120620] loop: module loaded
[    9.120823] libphy: Fixed MDIO Bus: probed
[    9.120824] tun: Universal TUN/TAP device driver, 1.6
[    9.120840] PPP generic driver version 2.4.2
[    9.120867] VFIO - User Level meta-driver version: 0.3
[    9.120935] ehci_hcd: USB 2.0 'Enhanced' Host Controller (EHCI) Driver
[    9.120937] ehci-pci: EHCI PCI platform driver
[    9.121046] ehci-pci 0000:00:1a.0: EHCI Host Controller
[    9.121049] ehci-pci 0000:00:1a.0: new USB bus registered, assigned bus number 1
[    9.121058] ehci-pci 0000:00:1a.0: debug port 2
[    9.124971] ehci-pci 0000:00:1a.0: cache line size of 64 is not supported
[    9.124977] ehci-pci 0000:00:1a.0: irq 18, io mem 0xfb638000
[    9.137650] ehci-pci 0000:00:1a.0: USB 2.0 started, EHCI 1.00
[    9.137682] usb usb1: New USB device found, idVendor=1d6b, idProduct=0002, bcdDevice= 5.08
[    9.137682] usb usb1: New USB device strings: Mfr=3, Product=2, SerialNumber=1
[    9.137683] usb usb1: Product: EHCI Host Controller
[    9.137684] usb usb1: Manufacturer: Linux 5.8.0-55-generic ehci_hcd
[    9.137685] usb usb1: SerialNumber: 0000:00:1a.0
[    9.137789] hub 1-0:1.0: USB hub found
[    9.137792] hub 1-0:1.0: 2 ports detected
[    9.138024] ehci-pci 0000:00:1d.0: EHCI Host Controller
[    9.138027] ehci-pci 0000:00:1d.0: new USB bus registered, assigned bus number 2
[    9.138036] ehci-pci 0000:00:1d.0: debug port 2
[    9.141936] ehci-pci 0000:00:1d.0: cache line size of 64 is not supported
[    9.141943] ehci-pci 0000:00:1d.0: irq 21, io mem 0xfb637000
[    9.157649] ehci-pci 0000:00:1d.0: USB 2.0 started, EHCI 1.00
[    9.157674] usb usb2: New USB device found, idVendor=1d6b, idProduct=0002, bcdDevice= 5.08
[    9.157675] usb usb2: New USB device strings: Mfr=3, Product=2, SerialNumber=1
[    9.157675] usb usb2: Product: EHCI Host Controller
[    9.157676] usb usb2: Manufacturer: Linux 5.8.0-55-generic ehci_hcd
[    9.157677] usb usb2: SerialNumber: 0000:00:1d.0
[    9.157741] hub 2-0:1.0: USB hub found
[    9.157743] hub 2-0:1.0: 2 ports detected
[    9.157890] ehci-platform: EHCI generic platform driver
[    9.157900] ohci_hcd: USB 1.1 'Open' Host Controller (OHCI) Driver
[    9.157906] ohci-pci: OHCI PCI platform driver
[    9.157920] ohci-platform: OHCI generic platform driver
[    9.157924] uhci_hcd: USB Universal Host Controller Interface driver
[    9.157955] i8042: PNP: No PS/2 controller found.
[    9.158032] mousedev: PS/2 mouse device common for all mice
[    9.158092] rtc_cmos 00:00: RTC can wake from S4
[    9.158232] rtc_cmos 00:00: registered as rtc0
[    9.158281] rtc_cmos 00:00: setting system clock to 2021-06-21T07:46:10 UTC (1624261570)
[    9.158291] rtc_cmos 00:00: alarms up to one month, y3k, 114 bytes nvram, hpet irqs
[    9.158295] i2c /dev entries driver
[    9.158327] device-mapper: uevent: version 1.0.3
[    9.158361] device-mapper: ioctl: 4.42.0-ioctl (2020-02-27) initialised: dm-devel@redhat.com
[    9.158375] platform eisa.0: Probing EISA bus 0
[    9.158376] platform eisa.0: EISA: Cannot allocate resource for mainboard
[    9.158377] platform eisa.0: Cannot allocate resource for EISA slot 1
[    9.158377] platform eisa.0: Cannot allocate resource for EISA slot 2
[    9.158378] platform eisa.0: Cannot allocate resource for EISA slot 3
[    9.158378] platform eisa.0: Cannot allocate resource for EISA slot 4
[    9.158379] platform eisa.0: Cannot allocate resource for EISA slot 5
[    9.158380] platform eisa.0: Cannot allocate resource for EISA slot 6
[    9.158380] platform eisa.0: Cannot allocate resource for EISA slot 7
[    9.158381] platform eisa.0: Cannot allocate resource for EISA slot 8
[    9.158381] platform eisa.0: EISA: Detected 0 cards
[    9.158387] intel_pstate: Intel P-state driver initializing
[    9.158633] ledtrig-cpu: registered to indicate activity on CPUs
[    9.158756] drop_monitor: Initializing network drop monitor service
[    9.158866] NET: Registered protocol family 10
[    9.165776] Segment Routing with IPv6
[    9.165813] NET: Registered protocol family 17
[    9.165862] Key type dns_resolver registered
[    9.167174] microcode: sig=0x406f1, pf=0x1, revision=0xb00003e
[    9.167324] microcode: Microcode Update Driver: v2.2.
[    9.167496] resctrl: L3 allocation detected
[    9.167497] resctrl: L3DATA allocation detected
[    9.167498] resctrl: L3CODE allocation detected
[    9.167498] resctrl: L3 monitoring detected
[    9.167503] IPI shorthand broadcast: enabled
[    9.167511] sched_clock: Marking stable (9167218960, 264664)->(9180481115, -12997491)
[    9.167618] registered taskstats version 1
[    9.167630] Loading compiled-in X.509 certificates
[    9.168892] Loaded X.509 cert 'Build time autogenerated kernel key: cfb125e71ac72ebc4786dd5b5c9f45957f0361ba'
[    9.170067] Loaded X.509 cert 'Canonical Ltd. Live Patch Signing: 14df34d1a87cf37625abec039ef2bf521249b969'
[    9.171284] Loaded X.509 cert 'Canonical Ltd. Kernel Module Signing: 88f752e560a1e0737e31163a466ad7b70a850c19'
[    9.171354] zswap: loaded using pool lzo/zbud
[    9.171566] Key type ._fscrypt registered
[    9.171567] Key type .fscrypt registered
[    9.171567] Key type fscrypt-provisioning registered
[    9.173684] Key type encrypted registered
[    9.173686] AppArmor: AppArmor sha1 policy hashing enabled
[    9.173690] ima: No TPM chip found, activating TPM-bypass!
[    9.173693] ima: Allocated hash algorithm: sha1
[    9.173698] ima: No architecture policies found
[    9.173704] evm: Initialising EVM extended attributes:
[    9.173705] evm: security.selinux
[    9.173706] evm: security.SMACK64
[    9.173706] evm: security.SMACK64EXEC
[    9.173706] evm: security.SMACK64TRANSMUTE
[    9.173707] evm: security.SMACK64MMAP
[    9.173707] evm: security.apparmor
[    9.173707] evm: security.ima
[    9.173708] evm: security.capability
[    9.173708] evm: HMAC attrs: 0x1
[    9.174253] PM:   Magic number: 9:554:774
[    9.174277] mem zero: hash matches
[    9.174366] acpi LNXCPU:91: hash matches
[    9.174781] RAS: Correctable Errors collector initialized.
[    9.175820] Freeing unused decrypted memory: 2040K
[    9.176283] Freeing unused kernel image (initmem) memory: 2648K
[    9.213699] Write protecting the kernel read-only data: 22528k
[    9.214606] Freeing unused kernel image (text/rodata gap) memory: 2044K
[    9.214879] Freeing unused kernel image (rodata/data gap) memory: 688K
[    9.322951] x86/mm: Checked W+X mappings: passed, no W+X pages found.
[    9.322953] x86/mm: Checking user space page tables
[    9.358137] x86/mm: Checked W+X mappings: passed, no W+X pages found.
[    9.358142] Run /init as init process
[    9.358143]   with arguments:
[    9.358143]     /init
[    9.358144]     splash
[    9.358144]   with environment:
[    9.358144]     HOME=/
[    9.358145]     TERM=linux
[    9.358145]     BOOT_IMAGE=/boot/vmlinuz-5.8.0-55-generic
[    9.477688] usb 1-1: new high-speed USB device number 2 using ehci-pci
[    9.497627] usb 2-1: new high-speed USB device number 2 using ehci-pci
[    9.537024] xhci_hcd 0000:00:14.0: xHCI Host Controller
[    9.537031] xhci_hcd 0000:00:14.0: new USB bus registered, assigned bus number 3
[    9.538090] xhci_hcd 0000:00:14.0: hcc params 0x200077c1 hci version 0x100 quirks 0x0000000000009810
[    9.538095] xhci_hcd 0000:00:14.0: cache line size of 64 is not supported
[    9.538392] i801_smbus 0000:00:1f.3: SMBus using PCI interrupt
[    9.538408] e1000e: Intel(R) PRO/1000 Network Driver - 3.2.6-k
[    9.538409] e1000e: Copyright(c) 1999 - 2015 Intel Corporation.
[    9.538448] ahci 0000:00:1f.2: version 3.0
[    9.538603] ahci 0000:00:1f.2: AHCI 0001.0300 32 slots 6 ports 6 Gbps 0x3 impl SATA mode
[    9.538605] ahci 0000:00:1f.2: flags: 64bit ncq led clo pio ems apst 
[    9.539369] dca service started, version 1.12.1
[    9.540500] i2c i2c-0: 8/8 memory slots populated (from DMI)
[    9.540501] i2c i2c-0: Systems with more than 4 memory slots not supported yet, not instantiating SPD
[    9.540632] e1000e 0000:00:19.0: Interrupt Throttling Rate (ints/sec) set to dynamic conservative mode
[    9.541241] usb usb3: New USB device found, idVendor=1d6b, idProduct=0002, bcdDevice= 5.08
[    9.541243] usb usb3: New USB device strings: Mfr=3, Product=2, SerialNumber=1
[    9.541245] usb usb3: Product: xHCI Host Controller
[    9.541246] usb usb3: Manufacturer: Linux 5.8.0-55-generic xhci-hcd
[    9.541247] usb usb3: SerialNumber: 0000:00:14.0
[    9.541376] hub 3-0:1.0: USB hub found
[    9.541397] hub 3-0:1.0: 15 ports detected
[    9.556194] scsi host0: ahci
[    9.556340] scsi host1: ahci
[    9.556417] scsi host2: ahci
[    9.556501] scsi host3: ahci
[    9.556623] scsi host4: ahci
[    9.556711] xhci_hcd 0000:00:14.0: xHCI Host Controller
[    9.556715] scsi host5: ahci
[    9.556761] ata1: SATA max UDMA/133 abar m2048@0xfb636000 port 0xfb636100 irq 45
[    9.556763] ata2: SATA max UDMA/133 abar m2048@0xfb636000 port 0xfb636180 irq 45
[    9.556764] ata3: DUMMY
[    9.556765] ata4: DUMMY
[    9.556765] ata5: DUMMY
[    9.556766] ata6: DUMMY
[    9.556779] xhci_hcd 0000:00:14.0: new USB bus registered, assigned bus number 4
[    9.556784] xhci_hcd 0000:00:14.0: Host supports USB 3.0 SuperSpeed
[    9.556830] usb usb4: New USB device found, idVendor=1d6b, idProduct=0003, bcdDevice= 5.08
[    9.556831] usb usb4: New USB device strings: Mfr=3, Product=2, SerialNumber=1
[    9.556833] usb usb4: Product: xHCI Host Controller
[    9.556834] usb usb4: Manufacturer: Linux 5.8.0-55-generic xhci-hcd
[    9.556835] usb usb4: SerialNumber: 0000:00:14.0
[    9.557005] ahci 0000:0f:00.0: SSS flag set, parallel bus scan disabled
[    9.557048] ahci 0000:0f:00.0: AHCI 0001.0200 32 slots 2 ports 6 Gbps 0x3 impl SATA mode
[    9.557050] ahci 0000:0f:00.0: flags: 64bit ncq sntf stag led clo pmp pio slum part ccc sxs 
[    9.557274] hub 4-0:1.0: USB hub found
[    9.557287] hub 4-0:1.0: 6 ports detected
[    9.559084] xhci_hcd 0000:11:00.0: xHCI Host Controller
[    9.559087] xhci_hcd 0000:11:00.0: new USB bus registered, assigned bus number 5
[    9.617823] scsi host6: ahci
[    9.617938] scsi host7: ahci
[    9.617972] ata7: SATA max UDMA/133 abar m512@0xfb200000 port 0xfb200100 irq 47
[    9.617974] ata8: SATA max UDMA/133 abar m512@0xfb200000 port 0xfb200180 irq 47
[    9.617981] xhci_hcd 0000:11:00.0: hcc params 0x0200eec0 hci version 0x110 quirks 0x0000000000800010
[    9.618183] usb usb5: New USB device found, idVendor=1d6b, idProduct=0002, bcdDevice= 5.08
[    9.618184] usb usb5: New USB device strings: Mfr=3, Product=2, SerialNumber=1
[    9.618184] usb usb5: Product: xHCI Host Controller
[    9.618185] usb usb5: Manufacturer: Linux 5.8.0-55-generic xhci-hcd
[    9.618186] usb usb5: SerialNumber: 0000:11:00.0
[    9.618288] ahci 0000:10:00.0: SSS flag set, parallel bus scan disabled
[    9.618317] ahci 0000:10:00.0: AHCI 0001.0200 32 slots 2 ports 6 Gbps 0x3 impl SATA mode
[    9.618318] ahci 0000:10:00.0: flags: 64bit ncq sntf stag led clo pmp pio slum part ccc 
[    9.618492] hub 5-0:1.0: USB hub found
[    9.618497] hub 5-0:1.0: 2 ports detected
[    9.618576] scsi host8: ahci
[    9.618633] xhci_hcd 0000:11:00.0: xHCI Host Controller
[    9.618640] xhci_hcd 0000:11:00.0: new USB bus registered, assigned bus number 6
[    9.618642] xhci_hcd 0000:11:00.0: Host supports USB 3.1 Enhanced SuperSpeed
[    9.618660] scsi host9: ahci
[    9.618690] ata9: SATA max UDMA/133 abar m512@0xfb500000 port 0xfb500100 irq 56
[    9.618692] ata10: SATA max UDMA/133 abar m512@0xfb500000 port 0xfb500180 irq 56
[    9.618704] usb usb6: We don't know the algorithms for LPM for this host, disabling LPM.
[    9.618715] usb usb6: New USB device found, idVendor=1d6b, idProduct=0003, bcdDevice= 5.08
[    9.618716] usb usb6: New USB device strings: Mfr=3, Product=2, SerialNumber=1
[    9.618716] usb usb6: Product: xHCI Host Controller
[    9.618717] usb usb6: Manufacturer: Linux 5.8.0-55-generic xhci-hcd
[    9.618717] usb usb6: SerialNumber: 0000:11:00.0
[    9.618800] hub 6-0:1.0: USB hub found
[    9.618806] hub 6-0:1.0: 2 ports detected
[    9.634020] usb 1-1: New USB device found, idVendor=8087, idProduct=800a, bcdDevice= 0.05
[    9.634023] usb 1-1: New USB device strings: Mfr=0, Product=0, SerialNumber=0
[    9.634308] hub 1-1:1.0: USB hub found
[    9.634389] hub 1-1:1.0: 6 ports detected
[    9.637857] igb: Intel(R) Gigabit Ethernet Network Driver - version 5.6.0-k
[    9.637858] igb: Copyright (c) 2007-2014 Intel Corporation.
[    9.658019] usb 2-1: New USB device found, idVendor=8087, idProduct=8002, bcdDevice= 0.05
[    9.658023] usb 2-1: New USB device strings: Mfr=0, Product=0, SerialNumber=0
[    9.658291] hub 2-1:1.0: USB hub found
[    9.658386] hub 2-1:1.0: 8 ports detected
[    9.673709] pps pps0: new PPS source ptp0
[    9.673734] igb 0000:0e:00.0: added PHC on eth0
[    9.673735] igb 0000:0e:00.0: Intel(R) Gigabit Ethernet Network Connection
[    9.673736] igb 0000:0e:00.0: eth0: (PCIe:2.5Gb/s:Width x1) 18:31:bf:cf:29:10
[    9.673794] igb 0000:0e:00.0: eth0: PBA No: 000300-000
[    9.673794] igb 0000:0e:00.0: Using MSI-X interrupts. 4 rx queue(s), 4 tx queue(s)
[    9.693159] e1000e 0000:00:19.0 0000:00:19.0 (uninitialized): registered PHC clock
[    9.699746] igb 0000:0e:00.0 enp14s0: renamed from eth0
[    9.776482] e1000e 0000:00:19.0 eth0: (PCI Express:2.5GT/s:Width x1) 18:31:bf:cf:29:0f
[    9.776484] e1000e 0000:00:19.0 eth0: Intel(R) PRO/1000 Network Connection
[    9.776510] e1000e 0000:00:19.0 eth0: MAC: 11, PHY: 12, PBA No: FFFFFF-0FF
[    9.778354] e1000e 0000:00:19.0 eno1: renamed from eth0
[    9.872705] ata2: SATA link up 6.0 Gbps (SStatus 133 SControl 300)
[    9.872726] ata1: SATA link up 6.0 Gbps (SStatus 133 SControl 300)
[    9.872982] ata2.00: LPM support broken, forcing max_power
[    9.873727] ata1.00: LPM support broken, forcing max_power
[    9.874420] ata2.00: ACPI cmd ef/10:06:00:00:00:00 (SET FEATURES) succeeded
[    9.874425] ata2.00: ACPI cmd f5/00:00:00:00:00:00 (SECURITY FREEZE LOCK) filtered out
[    9.874430] ata2.00: ACPI cmd b1/c1:00:00:00:00:00 (DEVICE CONFIGURATION OVERLAY) filtered out
[    9.874442] ata1.00: ACPI cmd ef/10:06:00:00:00:00 (SET FEATURES) succeeded
[    9.874446] ata1.00: ACPI cmd f5/00:00:00:00:00:00 (SECURITY FREEZE LOCK) filtered out
[    9.874448] ata1.00: ACPI cmd b1/c1:00:00:00:00:00 (DEVICE CONFIGURATION OVERLAY) filtered out
[    9.874656] ata2.00: supports DRM functions and may not be fully accessible
[    9.874667] ata1.00: supports DRM functions and may not be fully accessible
[    9.874715] ata2.00: READ LOG DMA EXT failed, trying PIO
[    9.874721] ata1.00: READ LOG DMA EXT failed, trying PIO
[    9.880558] ata2.00: disabling queued TRIM support
[    9.880563] ata2.00: ATA-9: Crucial_CT480M500SSD1, MU05, max UDMA/133
[    9.880566] ata2.00: 937703088 sectors, multi 16: LBA48 NCQ (depth 32), AA
[    9.880641] ata1.00: disabling queued TRIM support
[    9.880643] ata1.00: ATA-9: Crucial_CT480M500SSD1, MU05, max UDMA/133
[    9.880645] ata1.00: 937703088 sectors, multi 16: LBA48 NCQ (depth 32), AA
[    9.889680] usb 3-3: new low-speed USB device number 2 using xhci_hcd
[    9.893606] ata2.00: LPM support broken, forcing max_power
[    9.894140] ata2.00: ACPI cmd ef/10:06:00:00:00:00 (SET FEATURES) succeeded
[    9.894144] ata2.00: ACPI cmd f5/00:00:00:00:00:00 (SECURITY FREEZE LOCK) filtered out
[    9.894146] ata2.00: ACPI cmd b1/c1:00:00:00:00:00 (DEVICE CONFIGURATION OVERLAY) filtered out
[    9.894410] ata2.00: supports DRM functions and may not be fully accessible
[    9.894420] ata1.00: LPM support broken, forcing max_power
[    9.894833] ata1.00: ACPI cmd ef/10:06:00:00:00:00 (SET FEATURES) succeeded
[    9.894835] ata1.00: ACPI cmd f5/00:00:00:00:00:00 (SECURITY FREEZE LOCK) filtered out
[    9.894838] ata1.00: ACPI cmd b1/c1:00:00:00:00:00 (DEVICE CONFIGURATION OVERLAY) filtered out
[    9.895058] ata1.00: supports DRM functions and may not be fully accessible
[    9.900613] ata2.00: disabling queued TRIM support
[    9.901142] ata1.00: disabling queued TRIM support
[    9.913409] ata2.00: configured for UDMA/133
[    9.914411] ata1.00: configured for UDMA/133
[    9.914704] scsi 0:0:0:0: Direct-Access     ATA      Crucial_CT480M50 MU05 PQ: 0 ANSI: 5
[    9.914995] sd 0:0:0:0: Attached scsi generic sg0 type 0
[    9.915026] ata1.00: Enabling discard_zeroes_data
[    9.915113] sd 0:0:0:0: [sda] 937703088 512-byte logical blocks: (480 GB/447 GiB)
[    9.915117] sd 0:0:0:0: [sda] 4096-byte physical blocks
[    9.915150] sd 0:0:0:0: [sda] Write Protect is off
[    9.915153] sd 0:0:0:0: [sda] Mode Sense: 00 3a 00 00
[    9.915173] sd 0:0:0:0: [sda] Write cache: enabled, read cache: enabled, doesn't support DPO or FUA
[    9.915225] scsi 1:0:0:0: Direct-Access     ATA      Crucial_CT480M50 MU05 PQ: 0 ANSI: 5
[    9.915490] ata2.00: Enabling discard_zeroes_data
[    9.915564] sd 1:0:0:0: [sdb] 937703088 512-byte logical blocks: (480 GB/447 GiB)
[    9.915567] sd 1:0:0:0: [sdb] 4096-byte physical blocks
[    9.915579] sd 1:0:0:0: [sdb] Write Protect is off
[    9.915582] sd 1:0:0:0: [sdb] Mode Sense: 00 3a 00 00
[    9.915592] sd 1:0:0:0: Attached scsi generic sg1 type 0
[    9.915601] sd 1:0:0:0: [sdb] Write cache: enabled, read cache: enabled, doesn't support DPO or FUA
[    9.932688] ata7: SATA link down (SStatus 0 SControl 300)
[    9.932730] ata9: SATA link down (SStatus 0 SControl 300)
[    9.933874] ata1.00: Enabling discard_zeroes_data
[    9.933905] ata2.00: Enabling discard_zeroes_data
[    9.934358]  sda: sda1 sda2 < sda5 >
[    9.934663] ata2.00: Enabling discard_zeroes_data
[    9.934904] sd 1:0:0:0: [sdb] supports TCG Opal
[    9.934906] ata1.00: Enabling discard_zeroes_data
[    9.934909] sd 1:0:0:0: [sdb] Attached SCSI disk
[    9.935164] sd 0:0:0:0: [sda] supports TCG Opal
[    9.935167] sd 0:0:0:0: [sda] Attached SCSI disk
[    9.987696] fbcon: Taking over console
[    9.987775] Console: switching to colour frame buffer device 80x30
[   10.047582] usb 3-3: New USB device found, idVendor=03f0, idProduct=0d4a, bcdDevice= 2.07
[   10.047586] usb 3-3: New USB device strings: Mfr=0, Product=2, SerialNumber=0
[   10.047588] usb 3-3: Product: HP USB Keyboard
[   10.080358] EXT4-fs (sda5): mounted filesystem with ordered data mode. Opts: (null)
[   10.081648] tsc: Refined TSC clocksource calibration: 3597.914 MHz
[   10.081663] clocksource: tsc: mask: 0xffffffffffffffff max_cycles: 0x33dca08a5e6, max_idle_ns: 440795278676 ns
[   10.081709] clocksource: Switched to clocksource tsc
[   10.185576] usb 4-5: new SuperSpeed Gen 1 USB device number 2 using xhci_hcd
[   10.204001] systemd[1]: Inserted module 'autofs4'
[   10.217769] systemd[1]: systemd 245.4-4ubuntu3.6 running in system mode. (+PAM +AUDIT +SELINUX +IMA +APPARMOR +SMACK +SYSVINIT +UTMP +LIBCRYPTSETUP +GCRYPT +GNUTLS +ACL +XZ +LZ4 +SECCOMP +BLKID +ELFUTILS +KMOD +IDN2 -IDN +PCRE2 default-hierarchy=hybrid)
[   10.237938] systemd[1]: Detected architecture x86-64.
[   10.248660] ata8: SATA link down (SStatus 0 SControl 300)
[   10.266722] systemd[1]: Set hostname to <oem-All-Series>.
[   10.309508] usb 4-5: New USB device found, idVendor=174c, idProduct=3074, bcdDevice= 0.01
[   10.309512] usb 4-5: New USB device strings: Mfr=2, Product=3, SerialNumber=0
[   10.309514] usb 4-5: Product: ASM107x
[   10.309516] usb 4-5: Manufacturer: ASUS TEK.
[   10.357740] hub 4-5:1.0: USB hub found
[   10.369779] hub 4-5:1.0: 4 ports detected
[   10.373686] usb 3-4: new full-speed USB device number 3 using xhci_hcd
[   10.396786] systemd[1]: Created slice system-modprobe.slice.
[   10.397067] systemd[1]: Created slice system-systemd\x2dfsck.slice.
[   10.397303] systemd[1]: Created slice User and Session Slice.
[   10.397357] systemd[1]: Started Forward Password Requests to Wall Directory Watch.
[   10.397503] systemd[1]: Set up automount Arbitrary Executable File Formats File System Automount Point.
[   10.397538] systemd[1]: Reached target User and Group Name Lookups.
[   10.397547] systemd[1]: Reached target Remote File Systems.
[   10.397553] systemd[1]: Reached target Slices.
[   10.398361] systemd[1]: Listening on Syslog Socket.
[   10.398495] systemd[1]: Listening on fsck to fsckd communication Socket.
[   10.398538] systemd[1]: Listening on initctl Compatibility Named Pipe.
[   10.398694] systemd[1]: Listening on Journal Audit Socket.
[   10.398769] systemd[1]: Listening on Journal Socket (/dev/log).
[   10.398855] systemd[1]: Listening on Journal Socket.
[   10.398939] systemd[1]: Listening on udev Control Socket.
[   10.399009] systemd[1]: Listening on udev Kernel Socket.
[   10.399856] systemd[1]: Mounting Huge Pages File System...
[   10.400667] systemd[1]: Mounting POSIX Message Queue File System...
[   10.401594] systemd[1]: Mounting Kernel Debug File System...
[   10.402692] systemd[1]: Mounting Kernel Trace File System...
[   10.403967] systemd[1]: Starting Journal Service...
[   10.404990] systemd[1]: Starting Set the console keyboard layout...
[   10.406016] systemd[1]: Starting Create list of static device nodes for the current kernel...
[   10.406826] systemd[1]: Starting Load Kernel Module drm...
[   10.407563] systemd[1]: Condition check resulted in Set Up Additional Binary Formats being skipped.
[   10.407697] systemd[1]: Condition check resulted in File System Check on Root Device being skipped.
[   10.410977] systemd[1]: Starting Load Kernel Modules...
[   10.412006] systemd[1]: Starting Remount Root and Kernel File Systems...
[   10.412853] systemd[1]: Starting udev Coldplug all Devices...
[   10.413695] systemd[1]: Starting Uncomplicated firewall...
[   10.415030] systemd[1]: Mounted Huge Pages File System.
[   10.415144] systemd[1]: Mounted POSIX Message Queue File System.
[   10.415240] systemd[1]: Mounted Kernel Debug File System.
[   10.415339] systemd[1]: Mounted Kernel Trace File System.
[   10.415829] systemd[1]: Finished Create list of static device nodes for the current kernel.
[   10.417909] systemd[1]: Finished Uncomplicated firewall.
[   10.423478] EXT4-fs (sda5): re-mounted. Opts: errors=remount-ro
[   10.424798] systemd[1]: modprobe@drm.service: Succeeded.
[   10.425193] systemd[1]: Finished Load Kernel Module drm.
[   10.425964] systemd[1]: Finished Remount Root and Kernel File Systems.
[   10.427186] systemd[1]: Activating swap /swapfile...
[   10.427374] lp: driver loaded but no devices found
[   10.428176] systemd[1]: Condition check resulted in Rebuild Hardware Database being skipped.
[   10.428253] systemd[1]: Condition check resulted in Platform Persistent Storage Archival being skipped.
[   10.429052] systemd[1]: Starting Load/Save Random Seed...
[   10.429841] systemd[1]: Starting Create System Users...
[   10.430014] ppdev: user-space parallel port driver
[   10.436169] systemd[1]: Finished Load Kernel Modules.
[   10.437224] systemd[1]: Mounting FUSE Control File System...
[   10.438418] systemd[1]: Mounting Kernel Configuration File System...
[   10.439711] systemd[1]: Starting Apply Kernel Variables...
[   10.441877] systemd[1]: Mounted FUSE Control File System.
[   10.441982] systemd[1]: Mounted Kernel Configuration File System.
[   10.455293] systemd[1]: Finished Set the console keyboard layout.
[   10.457646] systemd[1]: Finished Load/Save Random Seed.
[   10.461141] systemd[1]: Finished Create System Users.
[   10.461654] Adding 2097148k swap on /swapfile.  Priority:-2 extents:6 across:2260988k SSFS
[   10.462473] systemd[1]: Starting Create Static Device Nodes in /dev...
[   10.462539] systemd[1]: Activated swap /swapfile.
[   10.462584] systemd[1]: Reached target Swap.
[   10.464103] systemd[1]: Finished Apply Kernel Variables.
[   10.473394] systemd[1]: Finished Create Static Device Nodes in /dev.
[   10.473562] systemd[1]: Reached target Local File Systems (Pre).
[   10.475485] systemd[1]: Mounting Mount unit for core18, revision 1988...
[   10.476534] systemd[1]: Mounting Mount unit for core18, revision 2066...
[   10.478375] systemd[1]: Mounting Mount unit for gnome-3-34-1804, revision 66...
[   10.479465] systemd[1]: Mounting Mount unit for gnome-3-34-1804, revision 72...
[   10.480937] systemd[1]: Mounting Mount unit for gtk-common-themes, revision 1514...
[   10.482526] systemd[1]: Mounting Mount unit for gtk-common-themes, revision 1515...
[   10.484028] systemd[1]: Mounting Mount unit for snap-store, revision 518...
[   10.485244] systemd[1]: Mounting Mount unit for snap-store, revision 547...
[   10.486551] systemd[1]: Mounting Mount unit for snapd, revision 11036...
[   10.487556] systemd[1]: Mounting Mount unit for snapd, revision 12159...
[   10.488466] systemd[1]: Starting udev Kernel Device Manager...
[   10.508676] systemd[1]: Started Journal Service.
[   10.515870] systemd-journald[368]: Received client request to flush runtime journal.
[   10.527568] usb 3-4: New USB device found, idVendor=046d, idProduct=c332, bcdDevice= 3.00
[   10.527571] usb 3-4: New USB device strings: Mfr=1, Product=2, SerialNumber=3
[   10.527573] usb 3-4: Product: Gaming Mouse G502
[   10.527575] usb 3-4: Manufacturer: Logitech
[   10.527577] usb 3-4: SerialNumber: 0185355D3834
[   10.534072] systemd-journald[368]: File /var/log/journal/aba7d0dded914b59a6e49961af3542f4/system.journal corrupted or uncleanly shut down, renaming and replacing.
[   10.563986] ata10: SATA link down (SStatus 0 SControl 300)
[   10.665460] usb 4-6: new SuperSpeed Gen 1 USB device number 3 using xhci_hcd
[   10.789047] usb 4-6: New USB device found, idVendor=174c, idProduct=3074, bcdDevice= 0.01
[   10.789049] usb 4-6: New USB device strings: Mfr=2, Product=3, SerialNumber=0
[   10.789050] usb 4-6: Product: ASM107x
[   10.789051] usb 4-6: Manufacturer: ASUS TEK.
[   10.820439] asus_wmi: ASUS WMI generic driver loaded
[   10.822944] asus_wmi: Initialization: 0x0
[   10.822986] asus_wmi: BIOS WMI version: 0.9
[   10.823047] asus_wmi: SFUN value: 0x0
[   10.823049] eeepc-wmi eeepc-wmi: Detected ASUSWMI, use DCTS
[   10.823561] input: Eee PC WMI hotkeys as /devices/platform/eeepc-wmi/input/input2
[   10.824889] RAPL PMU: API unit is 2^-32 Joules, 1 fixed counters, 655360 ms ovfl timer
[   10.824891] RAPL PMU: hw unit of domain package 2^-14 Joules
[   10.829563] cryptd: max_cpu_qlen set to 1000
[   10.836976] hub 4-6:1.0: USB hub found
[   10.849021] hub 4-6:1.0: 4 ports detected
[   10.853632] usb 3-9: new high-speed USB device number 4 using xhci_hcd
[   10.878223] AVX2 version of gcm_enc/dec engaged.
[   10.878225] AES CTR mode by8 optimization enabled
[   10.936536] snd_hda_intel 0000:0a:00.1: Disabling MSI
[   10.936555] snd_hda_intel 0000:0a:00.1: Handle vga_switcheroo audio client
[   10.936701] snd_hda_intel 0000:09:00.1: Disabling MSI
[   10.936713] snd_hda_intel 0000:09:00.1: Handle vga_switcheroo audio client
[   10.936865] snd_hda_intel 0000:06:00.1: Disabling MSI
[   10.936878] snd_hda_intel 0000:06:00.1: Handle vga_switcheroo audio client
[   10.937032] snd_hda_intel 0000:05:00.1: Disabling MSI
[   10.937045] snd_hda_intel 0000:05:00.1: Handle vga_switcheroo audio client
[   10.946142] nvidia: loading out-of-tree module taints kernel.
[   10.946148] nvidia: module license 'NVIDIA' taints kernel.
[   10.946149] Disabling lock debugging due to kernel taint
[   10.960606] snd_hda_codec_realtek hdaudioC0D0: ALC1150: SKU not ready 0x00000000
[   10.961345] nvidia: module verification failed: signature and/or required key missing - tainting kernel
[   10.961397] snd_hda_codec_realtek hdaudioC0D0: autoconfig for ALC1150: line_outs=3 (0x14/0x15/0x16/0x0/0x0) type:line
[   10.961398] snd_hda_codec_realtek hdaudioC0D0:    speaker_outs=0 (0x0/0x0/0x0/0x0/0x0)
[   10.961399] snd_hda_codec_realtek hdaudioC0D0:    hp_outs=1 (0x1b/0x0/0x0/0x0/0x0)
[   10.961400] snd_hda_codec_realtek hdaudioC0D0:    mono: mono_out=0x0
[   10.961400] snd_hda_codec_realtek hdaudioC0D0:    dig-out=0x11/0x1e
[   10.961401] snd_hda_codec_realtek hdaudioC0D0:    inputs:
[   10.961402] snd_hda_codec_realtek hdaudioC0D0:      Front Mic=0x19
[   10.961403] snd_hda_codec_realtek hdaudioC0D0:      Rear Mic=0x18
[   10.961404] snd_hda_codec_realtek hdaudioC0D0:      Line=0x1a
[   10.968603] EDAC sbridge: Seeking for: PCI ID 8086:6fa0
[   10.968622] EDAC sbridge: Seeking for: PCI ID 8086:6fa0
[   10.968654] EDAC sbridge: Seeking for: PCI ID 8086:6f60
[   10.968667] EDAC sbridge: Seeking for: PCI ID 8086:6fa8
[   10.968672] EDAC sbridge: Seeking for: PCI ID 8086:6fa8
[   10.968682] EDAC sbridge: Seeking for: PCI ID 8086:6f71
[   10.968687] EDAC sbridge: Seeking for: PCI ID 8086:6f71
[   10.968697] EDAC sbridge: Seeking for: PCI ID 8086:6faa
[   10.968702] EDAC sbridge: Seeking for: PCI ID 8086:6faa
[   10.968711] EDAC sbridge: Seeking for: PCI ID 8086:6fab
[   10.968717] EDAC sbridge: Seeking for: PCI ID 8086:6fab
[   10.968727] EDAC sbridge: Seeking for: PCI ID 8086:6fac
[   10.968733] EDAC sbridge: Seeking for: PCI ID 8086:6fac
[   10.968743] EDAC sbridge: Seeking for: PCI ID 8086:6fad
[   10.968748] EDAC sbridge: Seeking for: PCI ID 8086:6fad
[   10.968758] EDAC sbridge: Seeking for: PCI ID 8086:6f68
[   10.968764] EDAC sbridge: Seeking for: PCI ID 8086:6f79
[   10.968775] EDAC sbridge: Seeking for: PCI ID 8086:6f6a
[   10.968789] EDAC sbridge: Seeking for: PCI ID 8086:6f6b
[   10.968804] EDAC sbridge: Seeking for: PCI ID 8086:6f6c
[   10.968818] EDAC sbridge: Seeking for: PCI ID 8086:6f6d
[   10.968831] EDAC sbridge: Seeking for: PCI ID 8086:6ffc
[   10.968835] EDAC sbridge: Seeking for: PCI ID 8086:6ffc
[   10.968850] EDAC sbridge: Seeking for: PCI ID 8086:6ffd
[   10.968855] EDAC sbridge: Seeking for: PCI ID 8086:6ffd
[   10.968870] EDAC sbridge: Seeking for: PCI ID 8086:6faf
[   10.968879] EDAC sbridge: Seeking for: PCI ID 8086:6faf
[   10.968934] EDAC sbridge: CPU SrcID #0, Ha #0, Channel #0 has DIMMs, but ECC is disabled
[   10.968942] EDAC sbridge: Couldn't find mci handler
[   10.968944] EDAC sbridge: Failed to register device with error -19.
[   10.976542] nvidia-nvlink: Nvlink Core is being initialized, major device number 235
[   10.977122] input: HDA Intel PCH Front Mic as /devices/pci0000:00/0000:00:1b.0/sound/card0/input17
[   10.977171] input: HDA Intel PCH Rear Mic as /devices/pci0000:00/0000:00:1b.0/sound/card0/input18
[   10.977202] nvidia 0000:0a:00.0: enabling device (0100 -> 0103)
[   10.977314] nvidia 0000:0a:00.0: vgaarb: changed VGA decodes: olddecodes=io+mem,decodes=none:owns=none
[   11.023123] usb 3-9: New USB device found, idVendor=174c, idProduct=2074, bcdDevice= 0.01
[   11.023127] usb 3-9: New USB device strings: Mfr=2, Product=3, SerialNumber=0
[   11.023129] usb 3-9: Product: ASM107x
[   11.023131] usb 3-9: Manufacturer: ASUS TEK.
[   11.023577] hub 3-9:1.0: USB hub found
[   11.023745] hub 3-9:1.0: 4 ports detected
[   11.093100] input: HDA Intel PCH Line as /devices/pci0000:00/0000:00:1b.0/sound/card0/input19
[   11.093151] input: HDA Intel PCH Line Out Front as /devices/pci0000:00/0000:00:1b.0/sound/card0/input20
[   11.093195] input: HDA Intel PCH Line Out Surround as /devices/pci0000:00/0000:00:1b.0/sound/card0/input21
[   11.093241] input: HDA Intel PCH Line Out CLFE as /devices/pci0000:00/0000:00:1b.0/sound/card0/input22
[   11.093283] input: HDA Intel PCH Front Headphone as /devices/pci0000:00/0000:00:1b.0/sound/card0/input23
[   11.093761] nvidia 0000:09:00.0: enabling device (0100 -> 0103)
[   11.094084] input: HDA NVidia HDMI/DP,pcm=3 as /devices/pci0000:00/0000:00:02.0/0000:07:00.0/0000:08:10.0/0000:09:00.1/sound/card2/input24
[   11.094175] input: HDA NVidia HDMI/DP,pcm=7 as /devices/pci0000:00/0000:00:02.0/0000:07:00.0/0000:08:10.0/0000:09:00.1/sound/card2/input25
[   11.094294] input: HDA NVidia HDMI/DP,pcm=8 as /devices/pci0000:00/0000:00:02.0/0000:07:00.0/0000:08:10.0/0000:09:00.1/sound/card2/input26
[   11.094363] input: HDA NVidia HDMI/DP,pcm=3 as /devices/pci0000:00/0000:00:02.0/0000:07:00.0/0000:08:08.0/0000:0a:00.1/sound/card1/input10
[   11.094441] input: HDA NVidia HDMI/DP,pcm=9 as /devices/pci0000:00/0000:00:02.0/0000:07:00.0/0000:08:10.0/0000:09:00.1/sound/card2/input27
[   11.094564] input: HDA NVidia HDMI/DP,pcm=10 as /devices/pci0000:00/0000:00:02.0/0000:07:00.0/0000:08:10.0/0000:09:00.1/sound/card2/input28
[   11.094585] nvidia 0000:09:00.0: vgaarb: changed VGA decodes: olddecodes=io+mem,decodes=none:owns=none
[   11.094688] input: HDA NVidia HDMI/DP,pcm=7 as /devices/pci0000:00/0000:00:02.0/0000:07:00.0/0000:08:08.0/0000:0a:00.1/sound/card1/input11
[   11.094750] input: HDA NVidia HDMI/DP,pcm=3 as /devices/pci0000:00/0000:00:03.0/0000:03:00.0/0000:04:10.0/0000:05:00.1/sound/card4/input3
[   11.094808] input: HDA NVidia HDMI/DP,pcm=8 as /devices/pci0000:00/0000:00:02.0/0000:07:00.0/0000:08:08.0/0000:0a:00.1/sound/card1/input12
[   11.094905] input: HDA NVidia HDMI/DP,pcm=9 as /devices/pci0000:00/0000:00:02.0/0000:07:00.0/0000:08:08.0/0000:0a:00.1/sound/card1/input13
[   11.094967] input: HDA NVidia HDMI/DP,pcm=3 as /devices/pci0000:00/0000:00:03.0/0000:03:00.0/0000:04:08.0/0000:06:00.1/sound/card3/input31
[   11.095020] input: HDA NVidia HDMI/DP,pcm=10 as /devices/pci0000:00/0000:00:02.0/0000:07:00.0/0000:08:08.0/0000:0a:00.1/sound/card1/input14
[   11.095091] input: HDA NVidia HDMI/DP,pcm=11 as /devices/pci0000:00/0000:00:02.0/0000:07:00.0/0000:08:08.0/0000:0a:00.1/sound/card1/input15
[   11.153648] usb 3-10: new high-speed USB device number 5 using xhci_hcd
[   11.210826] input: HDA NVidia HDMI/DP,pcm=11 as /devices/pci0000:00/0000:00:02.0/0000:07:00.0/0000:08:10.0/0000:09:00.1/sound/card2/input29
[   11.210900] input: HDA NVidia HDMI/DP,pcm=12 as /devices/pci0000:00/0000:00:02.0/0000:07:00.0/0000:08:10.0/0000:09:00.1/sound/card2/input30
[   11.210956] input: HDA NVidia HDMI/DP,pcm=7 as /devices/pci0000:00/0000:00:03.0/0000:03:00.0/0000:04:10.0/0000:05:00.1/sound/card4/input4
[   11.210990] input: HDA NVidia HDMI/DP,pcm=8 as /devices/pci0000:00/0000:00:03.0/0000:03:00.0/0000:04:10.0/0000:05:00.1/sound/card4/input5
[   11.211039] input: HDA NVidia HDMI/DP,pcm=7 as /devices/pci0000:00/0000:00:03.0/0000:03:00.0/0000:04:08.0/0000:06:00.1/sound/card3/input32
[   11.211075] input: HDA NVidia HDMI/DP,pcm=8 as /devices/pci0000:00/0000:00:03.0/0000:03:00.0/0000:04:08.0/0000:06:00.1/sound/card3/input33
[   11.211163] input: HDA NVidia HDMI/DP,pcm=12 as /devices/pci0000:00/0000:00:02.0/0000:07:00.0/0000:08:08.0/0000:0a:00.1/sound/card1/input16
[   11.211194] nvidia 0000:06:00.0: enabling device (0100 -> 0103)
[   11.211348] input: HDA NVidia HDMI/DP,pcm=9 as /devices/pci0000:00/0000:00:03.0/0000:03:00.0/0000:04:10.0/0000:05:00.1/sound/card4/input6
[   11.211389] input: HDA NVidia HDMI/DP,pcm=10 as /devices/pci0000:00/0000:00:03.0/0000:03:00.0/0000:04:10.0/0000:05:00.1/sound/card4/input7
[   11.211434] input: HDA NVidia HDMI/DP,pcm=9 as /devices/pci0000:00/0000:00:03.0/0000:03:00.0/0000:04:08.0/0000:06:00.1/sound/card3/input34
[   11.211470] input: HDA NVidia HDMI/DP,pcm=10 as /devices/pci0000:00/0000:00:03.0/0000:03:00.0/0000:04:08.0/0000:06:00.1/sound/card3/input35
[   11.211505] input: HDA NVidia HDMI/DP,pcm=11 as /devices/pci0000:00/0000:00:03.0/0000:03:00.0/0000:04:10.0/0000:05:00.1/sound/card4/input8
[   11.211557] input: HDA NVidia HDMI/DP,pcm=12 as /devices/pci0000:00/0000:00:03.0/0000:03:00.0/0000:04:10.0/0000:05:00.1/sound/card4/input9
[   11.211603] input: HDA NVidia HDMI/DP,pcm=11 as /devices/pci0000:00/0000:00:03.0/0000:03:00.0/0000:04:08.0/0000:06:00.1/sound/card3/input36
[   11.211644] input: HDA NVidia HDMI/DP,pcm=12 as /devices/pci0000:00/0000:00:03.0/0000:03:00.0/0000:04:08.0/0000:06:00.1/sound/card3/input37
[   11.211836] nvidia 0000:06:00.0: vgaarb: changed VGA decodes: olddecodes=io+mem,decodes=none:owns=none
[   11.218193] EDAC sbridge: Seeking for: PCI ID 8086:6fa0
[   11.218207] EDAC sbridge: Seeking for: PCI ID 8086:6fa0
[   11.218237] EDAC sbridge: Seeking for: PCI ID 8086:6f60
[   11.218258] EDAC sbridge: Seeking for: PCI ID 8086:6fa8
[   11.218265] EDAC sbridge: Seeking for: PCI ID 8086:6fa8
[   11.218281] EDAC sbridge: Seeking for: PCI ID 8086:6f71
[   11.218288] EDAC sbridge: Seeking for: PCI ID 8086:6f71
[   11.218303] EDAC sbridge: Seeking for: PCI ID 8086:6faa
[   11.218310] EDAC sbridge: Seeking for: PCI ID 8086:6faa
[   11.218326] EDAC sbridge: Seeking for: PCI ID 8086:6fab
[   11.218333] EDAC sbridge: Seeking for: PCI ID 8086:6fab
[   11.218359] EDAC sbridge: Seeking for: PCI ID 8086:6fac
[   11.218362] EDAC sbridge: Seeking for: PCI ID 8086:6fac
[   11.218369] EDAC sbridge: Seeking for: PCI ID 8086:6fad
[   11.218372] EDAC sbridge: Seeking for: PCI ID 8086:6fad
[   11.218379] EDAC sbridge: Seeking for: PCI ID 8086:6f68
[   11.218383] EDAC sbridge: Seeking for: PCI ID 8086:6f79
[   11.218393] EDAC sbridge: Seeking for: PCI ID 8086:6f6a
[   11.218402] EDAC sbridge: Seeking for: PCI ID 8086:6f6b
[   11.218410] EDAC sbridge: Seeking for: PCI ID 8086:6f6c
[   11.218419] EDAC sbridge: Seeking for: PCI ID 8086:6f6d
[   11.218427] EDAC sbridge: Seeking for: PCI ID 8086:6ffc
[   11.218429] EDAC sbridge: Seeking for: PCI ID 8086:6ffc
[   11.218436] EDAC sbridge: Seeking for: PCI ID 8086:6ffd
[   11.218439] EDAC sbridge: Seeking for: PCI ID 8086:6ffd
[   11.218446] EDAC sbridge: Seeking for: PCI ID 8086:6faf
[   11.218448] EDAC sbridge: Seeking for: PCI ID 8086:6faf
[   11.218481] EDAC sbridge: CPU SrcID #0, Ha #0, Channel #0 has DIMMs, but ECC is disabled
[   11.218487] EDAC sbridge: Couldn't find mci handler
[   11.218489] EDAC sbridge: Failed to register device with error -19.
[   11.327725] nvidia 0000:05:00.0: vgaarb: changed VGA decodes: olddecodes=io+mem,decodes=none:owns=io+mem
[   11.347087] usb 3-10: New USB device found, idVendor=174c, idProduct=2074, bcdDevice= 0.01
[   11.347089] usb 3-10: New USB device strings: Mfr=2, Product=3, SerialNumber=0
[   11.347090] usb 3-10: Product: ASM107x
[   11.347091] usb 3-10: Manufacturer: ASUS TEK.
[   11.347420] hub 3-10:1.0: USB hub found
[   11.347565] hub 3-10:1.0: 4 ports detected
[   11.361590] hid: raw HID events driver (C) Jiri Kosina
[   11.372657] usbcore: registered new interface driver usbhid
[   11.372658] usbhid: USB HID core driver
[   11.443689] NVRM: loading NVIDIA UNIX x86_64 Kernel Module  465.19.01  Fri Mar 19 07:44:41 UTC 2021
[   11.452159] nvidia-modeset: Loading NVIDIA Kernel Mode Setting Driver for UNIX platforms  465.19.01  Fri Mar 19 07:51:16 UTC 2021
[   11.479151] EDAC sbridge: Seeking for: PCI ID 8086:6fa0
[   11.479161] EDAC sbridge: Seeking for: PCI ID 8086:6fa0
[   11.479183] EDAC sbridge: Seeking for: PCI ID 8086:6f60
[   11.479191] EDAC sbridge: Seeking for: PCI ID 8086:6fa8
[   11.479194] EDAC sbridge: Seeking for: PCI ID 8086:6fa8
[   11.479201] EDAC sbridge: Seeking for: PCI ID 8086:6f71
[   11.479204] EDAC sbridge: Seeking for: PCI ID 8086:6f71
[   11.479210] EDAC sbridge: Seeking for: PCI ID 8086:6faa
[   11.479213] EDAC sbridge: Seeking for: PCI ID 8086:6faa
[   11.479219] EDAC sbridge: Seeking for: PCI ID 8086:6fab
[   11.479222] EDAC sbridge: Seeking for: PCI ID 8086:6fab
[   11.479228] EDAC sbridge: Seeking for: PCI ID 8086:6fac
[   11.479231] EDAC sbridge: Seeking for: PCI ID 8086:6fac
[   11.479237] EDAC sbridge: Seeking for: PCI ID 8086:6fad
[   11.479240] EDAC sbridge: Seeking for: PCI ID 8086:6fad
[   11.479246] EDAC sbridge: Seeking for: PCI ID 8086:6f68
[   11.479250] EDAC sbridge: Seeking for: PCI ID 8086:6f79
[   11.479257] EDAC sbridge: Seeking for: PCI ID 8086:6f6a
[   11.479265] EDAC sbridge: Seeking for: PCI ID 8086:6f6b
[   11.479274] EDAC sbridge: Seeking for: PCI ID 8086:6f6c
[   11.479282] EDAC sbridge: Seeking for: PCI ID 8086:6f6d
[   11.479290] EDAC sbridge: Seeking for: PCI ID 8086:6ffc
[   11.479292] EDAC sbridge: Seeking for: PCI ID 8086:6ffc
[   11.479299] EDAC sbridge: Seeking for: PCI ID 8086:6ffd
[   11.479301] EDAC sbridge: Seeking for: PCI ID 8086:6ffd
[   11.479308] EDAC sbridge: Seeking for: PCI ID 8086:6faf
[   11.479311] EDAC sbridge: Seeking for: PCI ID 8086:6faf
[   11.479344] EDAC sbridge: CPU SrcID #0, Ha #0, Channel #0 has DIMMs, but ECC is disabled
[   11.479350] EDAC sbridge: Couldn't find mci handler
[   11.479351] EDAC sbridge: Failed to register device with error -19.
[   11.479415] [drm] [nvidia-drm] [GPU ID 0x00000a00] Loading driver
[   11.479419] [drm] Initialized nvidia-drm 0.0.0 20160202 for 0000:0a:00.0 on minor 0
[   11.479513] [drm] [nvidia-drm] [GPU ID 0x00000900] Loading driver
[   11.479515] [drm] Initialized nvidia-drm 0.0.0 20160202 for 0000:09:00.0 on minor 1
[   11.479633] [drm] [nvidia-drm] [GPU ID 0x00000600] Loading driver
[   11.479634] [drm] Initialized nvidia-drm 0.0.0 20160202 for 0000:06:00.0 on minor 2
[   11.479756] [drm] [nvidia-drm] [GPU ID 0x00000500] Loading driver
[   11.479757] [drm] Initialized nvidia-drm 0.0.0 20160202 for 0000:05:00.0 on minor 3
[   11.485518] intel_rapl_common: Found RAPL domain package
[   11.489194] input: HP USB Keyboard as /devices/pci0000:00/0000:00:14.0/usb3/3-3/3-3:1.0/0003:03F0:0D4A.0001/input/input38
[   11.503207] nvidia-uvm: Loaded the UVM driver, major device number 510.
[   11.545784] hid-generic 0003:03F0:0D4A.0001: input,hidraw0: USB HID v1.10 Keyboard [HP USB Keyboard] on usb-0000:00:14.0-3/input0
[   11.545989] input: HP USB Keyboard System Control as /devices/pci0000:00/0000:00:14.0/usb3/3-3/3-3:1.1/0003:03F0:0D4A.0002/input/input39
[   11.554130] EDAC sbridge: Seeking for: PCI ID 8086:6fa0
[   11.554138] EDAC sbridge: Seeking for: PCI ID 8086:6fa0
[   11.554152] EDAC sbridge: Seeking for: PCI ID 8086:6f60
[   11.554159] EDAC sbridge: Seeking for: PCI ID 8086:6fa8
[   11.554161] EDAC sbridge: Seeking for: PCI ID 8086:6fa8
[   11.554167] EDAC sbridge: Seeking for: PCI ID 8086:6f71
[   11.554169] EDAC sbridge: Seeking for: PCI ID 8086:6f71
[   11.554174] EDAC sbridge: Seeking for: PCI ID 8086:6faa
[   11.554176] EDAC sbridge: Seeking for: PCI ID 8086:6faa
[   11.554181] EDAC sbridge: Seeking for: PCI ID 8086:6fab
[   11.554184] EDAC sbridge: Seeking for: PCI ID 8086:6fab
[   11.554189] EDAC sbridge: Seeking for: PCI ID 8086:6fac
[   11.554191] EDAC sbridge: Seeking for: PCI ID 8086:6fac
[   11.554196] EDAC sbridge: Seeking for: PCI ID 8086:6fad
[   11.554199] EDAC sbridge: Seeking for: PCI ID 8086:6fad
[   11.554204] EDAC sbridge: Seeking for: PCI ID 8086:6f68
[   11.554207] EDAC sbridge: Seeking for: PCI ID 8086:6f79
[   11.554213] EDAC sbridge: Seeking for: PCI ID 8086:6f6a
[   11.554220] EDAC sbridge: Seeking for: PCI ID 8086:6f6b
[   11.554227] EDAC sbridge: Seeking for: PCI ID 8086:6f6c
[   11.554233] EDAC sbridge: Seeking for: PCI ID 8086:6f6d
[   11.554240] EDAC sbridge: Seeking for: PCI ID 8086:6ffc
[   11.554242] EDAC sbridge: Seeking for: PCI ID 8086:6ffc
[   11.554248] EDAC sbridge: Seeking for: PCI ID 8086:6ffd
[   11.554249] EDAC sbridge: Seeking for: PCI ID 8086:6ffd
[   11.554255] EDAC sbridge: Seeking for: PCI ID 8086:6faf
[   11.554258] EDAC sbridge: Seeking for: PCI ID 8086:6faf
[   11.554282] EDAC sbridge: CPU SrcID #0, Ha #0, Channel #0 has DIMMs, but ECC is disabled
[   11.554286] EDAC sbridge: Couldn't find mci handler
[   11.554287] EDAC sbridge: Failed to register device with error -19.
[   11.593981] EDAC sbridge: Seeking for: PCI ID 8086:6fa0
[   11.593986] EDAC sbridge: Seeking for: PCI ID 8086:6fa0
[   11.593998] EDAC sbridge: Seeking for: PCI ID 8086:6f60
[   11.594005] EDAC sbridge: Seeking for: PCI ID 8086:6fa8
[   11.594007] EDAC sbridge: Seeking for: PCI ID 8086:6fa8
[   11.594012] EDAC sbridge: Seeking for: PCI ID 8086:6f71
[   11.594014] EDAC sbridge: Seeking for: PCI ID 8086:6f71
[   11.594019] EDAC sbridge: Seeking for: PCI ID 8086:6faa
[   11.594022] EDAC sbridge: Seeking for: PCI ID 8086:6faa
[   11.594027] EDAC sbridge: Seeking for: PCI ID 8086:6fab
[   11.594029] EDAC sbridge: Seeking for: PCI ID 8086:6fab
[   11.594034] EDAC sbridge: Seeking for: PCI ID 8086:6fac
[   11.594036] EDAC sbridge: Seeking for: PCI ID 8086:6fac
[   11.594041] EDAC sbridge: Seeking for: PCI ID 8086:6fad
[   11.594044] EDAC sbridge: Seeking for: PCI ID 8086:6fad
[   11.594049] EDAC sbridge: Seeking for: PCI ID 8086:6f68
